../Drivers/STM32L4xx_HAL_Driver/Inc/stm32l4xx_ll_gpio.h:956:22:LL_GPIO_SetOutputPin	16	static
../Drivers/STM32L4xx_HAL_Driver/Inc/stm32l4xx_ll_gpio.h:985:22:LL_GPIO_ResetOutputPin	16	static
../Drivers/STM32L4xx_HAL_Driver/Inc/stm32l4xx_ll_bus.h:563:22:LL_AHB2_GRP1_EnableClock	24	static
../Src/main.c:176:5:main	8	static
../Src/main.c:284:6:SystemClock_Config	96	static
../Src/main.c:334:13:MX_ADC1_Init	48	static
../Src/main.c:401:13:MX_ADC2_Init	32	static
../Src/main.c:459:13:MX_ADC3_Init	32	static
../Src/main.c:517:13:MX_COMP1_Init	8	static
../Src/main.c:551:13:MX_DAC1_Init	48	static
../Src/main.c:601:13:MX_LCD_Init	8	static
../Src/main.c:639:13:MX_OPAMP1_Init	8	static
../Src/main.c:672:13:MX_OPAMP2_Init	8	static
../Src/main.c:705:13:MX_TIM1_Init	112	static
../Src/main.c:786:13:MX_GPIO_Init	32	static
../Src/main.c:902:13:StartDefaultTask	16	static
../Src/main.c:920:13:StartAcquisitionTask	16	static
../Src/main.c:938:13:StartDisplayTask	16	static
../Src/main.c:956:13:StartActuationTask	16	static
../Src/main.c:975:6:HAL_TIM_PeriodElapsedCallback	16	static
../Src/main.c:993:6:Error_Handler	4	static
