Archive member included to satisfy reference by file (symbol)

C:/ST/STM32CubeIDE_1.19.0/STM32CubeIDE/plugins/com.st.stm32cube.ide.mcu.externaltools.gnu-tools-for-stm32.13.3.rel1.win32_1.0.0.202411081344/tools/bin/../lib/gcc/arm-none-eabi/13.3.1/../../../../arm-none-eabi/lib/thumb/v7e-m+fp/hard\libc_nano.a(libc_a-exit.o)
                              C:/ST/STM32CubeIDE_1.19.0/STM32CubeIDE/plugins/com.st.stm32cube.ide.mcu.externaltools.gnu-tools-for-stm32.13.3.rel1.win32_1.0.0.202411081344/tools/bin/../lib/gcc/arm-none-eabi/13.3.1/../../../../arm-none-eabi/lib/thumb/v7e-m+fp/hard/crt0.o (exit)
C:/ST/STM32CubeIDE_1.19.0/STM32CubeIDE/plugins/com.st.stm32cube.ide.mcu.externaltools.gnu-tools-for-stm32.13.3.rel1.win32_1.0.0.202411081344/tools/bin/../lib/gcc/arm-none-eabi/13.3.1/../../../../arm-none-eabi/lib/thumb/v7e-m+fp/hard\libc_nano.a(libc_a-findfp.o)
                              ./Middlewares/Third_Party/FreeRTOS/Source/tasks.o (__sf)
C:/ST/STM32CubeIDE_1.19.0/STM32CubeIDE/plugins/com.st.stm32cube.ide.mcu.externaltools.gnu-tools-for-stm32.13.3.rel1.win32_1.0.0.202411081344/tools/bin/../lib/gcc/arm-none-eabi/13.3.1/../../../../arm-none-eabi/lib/thumb/v7e-m+fp/hard\libc_nano.a(libc_a-fwalk.o)
                              C:/ST/STM32CubeIDE_1.19.0/STM32CubeIDE/plugins/com.st.stm32cube.ide.mcu.externaltools.gnu-tools-for-stm32.13.3.rel1.win32_1.0.0.202411081344/tools/bin/../lib/gcc/arm-none-eabi/13.3.1/../../../../arm-none-eabi/lib/thumb/v7e-m+fp/hard\libc_nano.a(libc_a-findfp.o) (_fwalk_sglue)
C:/ST/STM32CubeIDE_1.19.0/STM32CubeIDE/plugins/com.st.stm32cube.ide.mcu.externaltools.gnu-tools-for-stm32.13.3.rel1.win32_1.0.0.202411081344/tools/bin/../lib/gcc/arm-none-eabi/13.3.1/../../../../arm-none-eabi/lib/thumb/v7e-m+fp/hard\libc_nano.a(libc_a-stdio.o)
                              C:/ST/STM32CubeIDE_1.19.0/STM32CubeIDE/plugins/com.st.stm32cube.ide.mcu.externaltools.gnu-tools-for-stm32.13.3.rel1.win32_1.0.0.202411081344/tools/bin/../lib/gcc/arm-none-eabi/13.3.1/../../../../arm-none-eabi/lib/thumb/v7e-m+fp/hard\libc_nano.a(libc_a-findfp.o) (__sread)
C:/ST/STM32CubeIDE_1.19.0/STM32CubeIDE/plugins/com.st.stm32cube.ide.mcu.externaltools.gnu-tools-for-stm32.13.3.rel1.win32_1.0.0.202411081344/tools/bin/../lib/gcc/arm-none-eabi/13.3.1/../../../../arm-none-eabi/lib/thumb/v7e-m+fp/hard\libc_nano.a(libc_a-memset.o)
                              C:/ST/STM32CubeIDE_1.19.0/STM32CubeIDE/plugins/com.st.stm32cube.ide.mcu.externaltools.gnu-tools-for-stm32.13.3.rel1.win32_1.0.0.202411081344/tools/bin/../lib/gcc/arm-none-eabi/13.3.1/../../../../arm-none-eabi/lib/thumb/v7e-m+fp/hard/crt0.o (memset)
C:/ST/STM32CubeIDE_1.19.0/STM32CubeIDE/plugins/com.st.stm32cube.ide.mcu.externaltools.gnu-tools-for-stm32.13.3.rel1.win32_1.0.0.202411081344/tools/bin/../lib/gcc/arm-none-eabi/13.3.1/../../../../arm-none-eabi/lib/thumb/v7e-m+fp/hard\libc_nano.a(libc_a-closer.o)
                              C:/ST/STM32CubeIDE_1.19.0/STM32CubeIDE/plugins/com.st.stm32cube.ide.mcu.externaltools.gnu-tools-for-stm32.13.3.rel1.win32_1.0.0.202411081344/tools/bin/../lib/gcc/arm-none-eabi/13.3.1/../../../../arm-none-eabi/lib/thumb/v7e-m+fp/hard\libc_nano.a(libc_a-stdio.o) (_close_r)
C:/ST/STM32CubeIDE_1.19.0/STM32CubeIDE/plugins/com.st.stm32cube.ide.mcu.externaltools.gnu-tools-for-stm32.13.3.rel1.win32_1.0.0.202411081344/tools/bin/../lib/gcc/arm-none-eabi/13.3.1/../../../../arm-none-eabi/lib/thumb/v7e-m+fp/hard\libc_nano.a(libc_a-reent.o)
                              ./Middlewares/Third_Party/FreeRTOS/Source/tasks.o (_reclaim_reent)
C:/ST/STM32CubeIDE_1.19.0/STM32CubeIDE/plugins/com.st.stm32cube.ide.mcu.externaltools.gnu-tools-for-stm32.13.3.rel1.win32_1.0.0.202411081344/tools/bin/../lib/gcc/arm-none-eabi/13.3.1/../../../../arm-none-eabi/lib/thumb/v7e-m+fp/hard\libc_nano.a(libc_a-impure.o)
                              ./Middlewares/Third_Party/FreeRTOS/Source/tasks.o (_impure_ptr)
C:/ST/STM32CubeIDE_1.19.0/STM32CubeIDE/plugins/com.st.stm32cube.ide.mcu.externaltools.gnu-tools-for-stm32.13.3.rel1.win32_1.0.0.202411081344/tools/bin/../lib/gcc/arm-none-eabi/13.3.1/../../../../arm-none-eabi/lib/thumb/v7e-m+fp/hard\libc_nano.a(libc_a-lseekr.o)
                              C:/ST/STM32CubeIDE_1.19.0/STM32CubeIDE/plugins/com.st.stm32cube.ide.mcu.externaltools.gnu-tools-for-stm32.13.3.rel1.win32_1.0.0.202411081344/tools/bin/../lib/gcc/arm-none-eabi/13.3.1/../../../../arm-none-eabi/lib/thumb/v7e-m+fp/hard\libc_nano.a(libc_a-stdio.o) (_lseek_r)
C:/ST/STM32CubeIDE_1.19.0/STM32CubeIDE/plugins/com.st.stm32cube.ide.mcu.externaltools.gnu-tools-for-stm32.13.3.rel1.win32_1.0.0.202411081344/tools/bin/../lib/gcc/arm-none-eabi/13.3.1/../../../../arm-none-eabi/lib/thumb/v7e-m+fp/hard\libc_nano.a(libc_a-readr.o)
[...]
Memory Configuration

Name             Origin             Length             Attributes
RAM              0x20000000         0x00050000         xrw
FLASH            0x08000000         0x00080000         xr
*default*        0x00000000         0xffffffff

Linker script and memory map

LOAD C:/ST/STM32CubeIDE_1.19.0/STM32CubeIDE/plugins/com.st.stm32cube.ide.mcu.externaltools.gnu-tools-for-stm32.13.3.rel1.win32_1.0.0.202411081344/tools/bin/../lib/gcc/arm-none-eabi/13.3.1/thumb/v7e-m+fp/hard/crti.o
LOAD C:/ST/STM32CubeIDE_1.19.0/STM32CubeIDE/plugins/com.st.stm32cube.ide.mcu.externaltools.gnu-tools-for-stm32.13.3.rel1.win32_1.0.0.202411081344/tools/bin/../lib/gcc/arm-none-eabi/13.3.1/thumb/v7e-m+fp/hard/crtbegin.o
LOAD C:/ST/STM32CubeIDE_1.19.0/STM32CubeIDE/plugins/com.st.stm32cube.ide.mcu.externaltools.gnu-tools-for-stm32.13.3.rel1.win32_1.0.0.202411081344/tools/bin/../lib/gcc/arm-none-eabi/13.3.1/../../../../arm-none-eabi/lib/thumb/v7e-m+fp/hard/crt0.o
LOAD ./Drivers/STM32L4xx_HAL_Driver/Src/stm32l4xx_hal.o
LOAD ./Drivers/STM32L4xx_HAL_Driver/Src/stm32l4xx_hal_adc.o
LOAD ./Drivers/STM32L4xx_HAL_Driver/Src/stm32l4xx_hal_adc_ex.o
LOAD ./Drivers/STM32L4xx_HAL_Driver/Src/stm32l4xx_hal_comp.o
LOAD ./Drivers/STM32L4xx_HAL_Driver/Src/stm32l4xx_hal_cortex.o
LOAD ./Drivers/STM32L4xx_HAL_Driver/Src/stm32l4xx_hal_dac.o
LOAD ./Drivers/STM32L4xx_HAL_Driver/Src/stm32l4xx_hal_dac_ex.o
LOAD ./Drivers/STM32L4xx_HAL_Driver/Src/stm32l4xx_hal_dma.o
LOAD ./Drivers/STM32L4xx_HAL_Driver/Src/stm32l4xx_hal_dma_ex.o
LOAD ./Drivers/STM32L4xx_HAL_Driver/Src/stm32l4xx_hal_exti.o
LOAD ./Drivers/STM32L4xx_HAL_Driver/Src/stm32l4xx_hal_flash.o
LOAD ./Drivers/STM32L4xx_HAL_Driver/Src/stm32l4xx_hal_flash_ex.o
LOAD ./Drivers/STM32L4xx_HAL_Driver/Src/stm32l4xx_hal_flash_ramfunc.o
LOAD ./Drivers/STM32L4xx_HAL_Driver/Src/stm32l4xx_hal_gpio.o
LOAD ./Drivers/STM32L4xx_HAL_Driver/Src/stm32l4xx_hal_i2c.o
LOAD ./Drivers/STM32L4xx_HAL_Driver/Src/stm32l4xx_hal_i2c_ex.o
LOAD ./Drivers/STM32L4xx_HAL_Driver/Src/stm32l4xx_hal_lcd.o
LOAD ./Drivers/STM32L4xx_HAL_Driver/Src/stm32l4xx_hal_opamp.o
LOAD ./Drivers/STM32L4xx_HAL_Driver/Src/stm32l4xx_hal_opamp_ex.o
LOAD ./Drivers/STM32L4xx_HAL_Driver/Src/stm32l4xx_hal_pwr.o
LOAD ./Drivers/STM32L4xx_HAL_Driver/Src/stm32l4xx_hal_pwr_ex.o
LOAD ./Drivers/STM32L4xx_HAL_Driver/Src/stm32l4xx_hal_rcc.o
LOAD ./Drivers/STM32L4xx_HAL_Driver/Src/stm32l4xx_hal_rcc_ex.o
LOAD ./Drivers/STM32L4xx_HAL_Driver/Src/stm32l4xx_hal_tim.o
LOAD ./Drivers/STM32L4xx_HAL_Driver/Src/stm32l4xx_hal_tim_ex.o
LOAD ./Drivers/STM32L4xx_HAL_Driver/Src/stm32l4xx_ll_exti.o
LOAD ./Drivers/STM32L4xx_HAL_Driver/Src/stm32l4xx_ll_gpio.o
LOAD ./Drivers/STM32L4xx_HAL_Driver/Src/stm32l4xx_ll_utils.o
LOAD ./Middlewares/Third_Party/FreeRTOS/Source/CMSIS_RTOS_V2/cmsis_os2.o
LOAD ./Middlewares/Third_Party/FreeRTOS/Source/croutine.o
LOAD ./Middlewares/Third_Party/FreeRTOS/Source/event_groups.o
LOAD ./Middlewares/Third_Party/FreeRTOS/Source/list.o
LOAD ./Middlewares/Third_Party/FreeRTOS/Source/queue.o
LOAD ./Middlewares/Third_Party/FreeRTOS/Source/stream_buffer.o
LOAD ./Middlewares/Third_Party/FreeRTOS/Source/tasks.o
LOAD ./Middlewares/Third_Party/FreeRTOS/Source/timers.o
LOAD ./Middlewares/Third_Party/FreeRTOS/Source/portable/GCC/ARM_CM4F/port.o
LOAD ./Middlewares/Third_Party/FreeRTOS/Source/portable/MemMang/heap_4.o
LOAD ./Src/acquisition.o
LOAD ./Src/application.o
LOAD ./Src/display.o
LOAD ./Src/freertos.o
LOAD ./Src/io.o
LOAD ./Src/main.o
LOAD ./Src/stm32l4xx_hal_msp.o
LOAD ./Src/stm32l4xx_hal_timebase_tim.o
LOAD ./Src/stm32l4xx_it.o
LOAD ./Src/syscalls.o
LOAD ./Src/sysmem.o
LOAD ./Src/system_stm32l4xx.o
LOAD ./Startup/startup_stm32l496vetx.o
START GROUP
LOAD C:/ST/STM32CubeIDE_1.19.0/STM32CubeIDE/plugins/com.st.stm32cube.ide.mcu.externaltools.gnu-tools-for-stm32.13.3.rel1.win32_1.0.0.202411081344/tools/bin/../lib/gcc/arm-none-eabi/13.3.1/../../../../arm-none-eabi/lib/thumb/v7e-m+fp/hard\libc_nano.a
LOAD C:/ST/STM32CubeIDE_1.19.0/STM32CubeIDE/plugins/com.st.stm32cube.ide.mcu.externaltools.gnu-tools-for-stm32.13.3.rel1.win32_1.0.0.202411081344/tools/bin/../lib/gcc/arm-none-eabi/13.3.1/../../../../arm-none-eabi/lib/thumb/v7e-m+fp/hard\libm.a
END GROUP
START GROUP
LOAD C:/ST/STM32CubeIDE_1.19.0/STM32CubeIDE/plugins/com.st.stm32cube.ide.mcu.externaltools.gnu-tools-for-stm32.13.3.rel1.win32_1.0.0.202411081344/tools/bin/../lib/gcc/arm-none-eabi/13.3.1/thumb/v7e-m+fp/hard\libgcc.a
LOAD C:/ST/STM32CubeIDE_1.19.0/STM32CubeIDE/plugins/com.st.stm32cube.ide.mcu.externaltools.gnu-tools-for-stm32.13.3.rel1.win32_1.0.0.202411081344/tools/bin/../lib/gcc/arm-none-eabi/13.3.1/../../../../arm-none-eabi/lib/thumb/v7e-m+fp/hard\libc_nano.a
END GROUP
START GROUP
LOAD C:/ST/STM32CubeIDE_1.19.0/STM32CubeIDE/plugins/com.st.stm32cube.ide.mcu.externaltools.gnu-tools-for-stm32.13.3.rel1.win32_1.0.0.202411081344/tools/bin/../lib/gcc/arm-none-eabi/13.3.1/thumb/v7e-m+fp/hard\libgcc.a
LOAD C:/ST/STM32CubeIDE_1.19.0/STM32CubeIDE/plugins/com.st.stm32cube.ide.mcu.externaltools.gnu-tools-for-stm32.13.3.rel1.win32_1.0.0.202411081344/tools/bin/../lib/gcc/arm-none-eabi/13.3.1/../../../../arm-none-eabi/lib/thumb/v7e-m+fp/hard\libc_nano.a
LOAD C:/ST/STM32CubeIDE_1.19.0/STM32CubeIDE/plugins/com.st.stm32cube.ide.mcu.externaltools.gnu-tools-for-stm32.13.3.rel1.win32_1.0.0.202411081344/tools/bin/../lib/gcc/arm-none-eabi/13.3.1/../../../../arm-none-eabi/lib/thumb/v7e-m+fp/hard\libnosys.a
END GROUP
START GROUP
LOAD C:/ST/STM32CubeIDE_1.19.0/STM32CubeIDE/plugins/com.st.stm32cube.ide.mcu.externaltools.gnu-tools-for-stm32.13.3.rel1.win32_1.0.0.202411081344/tools/bin/../lib/gcc/arm-none-eabi/13.3.1/thumb/v7e-m+fp/hard\libgcc.a
LOAD C:/ST/STM32CubeIDE_1.19.0/STM32CubeIDE/plugins/com.st.stm32cube.ide.mcu.externaltools.gnu-tools-for-stm32.13.3.rel1.win32_1.0.0.202411081344/tools/bin/../lib/gcc/arm-none-eabi/13.3.1/../../../../arm-none-eabi/lib/thumb/v7e-m+fp/hard\libc_nano.a
LOAD C:/ST/STM32CubeIDE_1.19.0/STM32CubeIDE/plugins/com.st.stm32cube.ide.mcu.externaltools.gnu-tools-for-stm32.13.3.rel1.win32_1.0.0.202411081344/tools/bin/../lib/gcc/arm-none-eabi/13.3.1/../../../../arm-none-eabi/lib/thumb/v7e-m+fp/hard\libnosys.a
END GROUP
LOAD C:/ST/STM32CubeIDE_1.19.0/STM32CubeIDE/plugins/com.st.stm32cube.ide.mcu.externaltools.gnu-tools-for-stm32.13.3.rel1.win32_1.0.0.202411081344/tools/bin/../lib/gcc/arm-none-eabi/13.3.1/thumb/v7e-m+fp/hard/crtend.o
LOAD C:/ST/STM32CubeIDE_1.19.0/STM32CubeIDE/plugins/com.st.stm32cube.ide.mcu.externaltools.gnu-tools-for-stm32.13.3.rel1.win32_1.0.0.202411081344/tools/bin/../lib/gcc/arm-none-eabi/13.3.1/thumb/v7e-m+fp/hard/crtn.o
                0x20050000                        _estack = (ORIGIN (RAM) + LENGTH (RAM))
                0x00000200                        _Min_Heap_Size = 0x200
                0x00000400                        _Min_Stack_Size = 0x400

.isr_vector     0x08000000      0x1ac
                0x08000000                        . = ALIGN (0x4)
 *(.isr_vector)
 .isr_vector    0x08000000      0x1ac ./Startup/startup_stm32l496vetx.o
                0x08000000                g_pfnVectors
                0x080001ac                        . = ALIGN (0x4)

.text           0x080001b0     0xb34c
                0x080001b0                        . = ALIGN (0x4)
 *(.text)
 .text          0x080001b0       0x40 C:/ST/STM32CubeIDE_1.19.0/STM32CubeIDE/plugins/com.st.stm32cube.ide.mcu.externaltools.gnu-tools-for-stm32.13.3.rel1.win32_1.0.0.202411081344/tools/bin/../lib/gcc/arm-none-eabi/13.3.1/thumb/v7e-m+fp/hard/crtbegin.o
 *(.text*)
 .text.HAL_Init
                0x080001f0       0x4c ./Drivers/STM32L4xx_HAL_Driver/Src/stm32l4xx_hal.o
                0x080001f0                HAL_Init
 .text.HAL_IncTick
                0x0800023c       0x28 ./Drivers/STM32L4xx_HAL_Driver/Src/stm32l4xx_hal.o
                0x0800023c                HAL_IncTick
 .text.HAL_GetTick
                0x08000264       0x18 ./Drivers/STM32L4xx_HAL_Driver/Src/stm32l4xx_hal.o
                0x08000264                HAL_GetTick
 .text.HAL_Delay
                0x0800027c       0x48 ./Drivers/STM32L4xx_HAL_Driver/Src/stm32l4xx_hal.o
                0x0800027c                HAL_Delay
 .text.HAL_SYSCFG_VREFBUF_VoltageScalingConfig
                0x080002c4       0x28 ./Drivers/STM32L4xx_HAL_Driver/Src/stm32l4xx_hal.o
                0x080002c4                HAL_SYSCFG_VREFBUF_VoltageScalingConfig
 .text.HAL_SYSCFG_VREFBUF_HighImpedanceConfig
                0x080002ec       0x28 ./Drivers/STM32L4xx_HAL_Driver/Src/stm32l4xx_hal.o
                0x080002ec                HAL_SYSCFG_VREFBUF_HighImpedanceConfig
 .text.HAL_SYSCFG_EnableVREFBUF
                0x08000314       0x48 ./Drivers/STM32L4xx_HAL_Driver/Src/stm32l4xx_hal.o
                0x08000314                HAL_SYSCFG_EnableVREFBUF
 .text.LL_ADC_SetCommonClock
                0x0800035c       0x26 ./Drivers/STM32L4xx_HAL_Driver/Src/stm32l4xx_hal_adc.o
 .text.LL_ADC_SetCommonPathInternalCh
                0x08000382       0x26 ./Drivers/STM32L4xx_HAL_Driver/Src/stm32l4xx_hal_adc.o
 .text.LL_ADC_GetCommonPathInternalCh
                0x080003a8       0x1c ./Drivers/STM32L4xx_HAL_Driver/Src/stm32l4xx_hal_adc.o
 .text.LL_ADC_SetOffset
                0x080003c4       0x48 ./Drivers/STM32L4xx_HAL_Driver/Src/stm32l4xx_hal_adc.o
 .text.LL_ADC_GetOffsetChannel
                0x0800040c       0x2c ./Drivers/STM32L4xx_HAL_Driver/Src/stm32l4xx_hal_adc.o
 .text.LL_ADC_SetOffsetState
                0x08000438       0x36 ./Drivers/STM32L4xx_HAL_Driver/Src/stm32l4xx_hal_adc.o
 .text.LL_ADC_SetSamplingTimeCommonConfig
                0x0800046e       0x26 ./Drivers/STM32L4xx_HAL_Driver/Src/stm32l4xx_hal_adc.o
 .text.LL_ADC_REG_IsTriggerSourceSWStart
                0x08000494       0x26 ./Drivers/STM32L4xx_HAL_Driver/Src/stm32l4xx_hal_adc.o
 .text.LL_ADC_REG_SetSequencerRanks
                0x080004ba       0x58 ./Drivers/STM32L4xx_HAL_Driver/Src/stm32l4xx_hal_adc.o
 .text.LL_ADC_SetChannelSamplingTime
                0x08000512       0x56 ./Drivers/STM32L4xx_HAL_Driver/Src/stm32l4xx_hal_adc.o
 .text.LL_ADC_SetChannelSingleDiff
                0x08000568       0x48 ./Drivers/STM32L4xx_HAL_Driver/Src/stm32l4xx_hal_adc.o
 .text.LL_ADC_GetMultimode
                0x080005b0       0x1c ./Drivers/STM32L4xx_HAL_Driver/Src/stm32l4xx_hal_adc.o
 .text.LL_ADC_GetMultiDMATransfer
                0x080005cc       0x1c ./Drivers/STM32L4xx_HAL_Driver/Src/stm32l4xx_hal_adc.o
 .text.LL_ADC_DisableDeepPowerDown
                0x080005e8       0x24 ./Drivers/STM32L4xx_HAL_Driver/Src/stm32l4xx_hal_adc.o
 .text.LL_ADC_IsDeepPowerDownEnabled
                0x0800060c       0x28 ./Drivers/STM32L4xx_HAL_Driver/Src/stm32l4xx_hal_adc.o
 .text.LL_ADC_EnableInternalRegulator
                0x08000634       0x28 ./Drivers/STM32L4xx_HAL_Driver/Src/stm32l4xx_hal_adc.o
 .text.LL_ADC_IsInternalRegulatorEnabled
                0x0800065c       0x28 ./Drivers/STM32L4xx_HAL_Driver/Src/stm32l4xx_hal_adc.o
 .text.LL_ADC_Enable
                0x08000684       0x28 ./Drivers/STM32L4xx_HAL_Driver/Src/stm32l4xx_hal_adc.o
 .text.LL_ADC_Disable
                0x080006ac       0x28 ./Drivers/STM32L4xx_HAL_Driver/Src/stm32l4xx_hal_adc.o
 .text.LL_ADC_IsEnabled
                0x080006d4       0x26 ./Drivers/STM32L4xx_HAL_Driver/Src/stm32l4xx_hal_adc.o
 .text.LL_ADC_IsDisableOngoing
                0x080006fa       0x26 ./Drivers/STM32L4xx_HAL_Driver/Src/stm32l4xx_hal_adc.o
 .text.LL_ADC_REG_StartConversion
                0x08000720       0x28 ./Drivers/STM32L4xx_HAL_Driver/Src/stm32l4xx_hal_adc.o
 .text.LL_ADC_REG_StopConversion
                0x08000748       0x28 ./Drivers/STM32L4xx_HAL_Driver/Src/stm32l4xx_hal_adc.o
 .text.LL_ADC_REG_IsConversionOngoing
                0x08000770       0x26 ./Drivers/STM32L4xx_HAL_Driver/Src/stm32l4xx_hal_adc.o
 .text.LL_ADC_INJ_StopConversion
                0x08000796       0x28 ./Drivers/STM32L4xx_HAL_Driver/Src/stm32l4xx_hal_adc.o
 .text.LL_ADC_INJ_IsConversionOngoing
                0x080007be       0x26 ./Drivers/STM32L4xx_HAL_Driver/Src/stm32l4xx_hal_adc.o
 .text.HAL_ADC_Init
                0x080007e4      0x320 ./Drivers/STM32L4xx_HAL_Driver/Src/stm32l4xx_hal_adc.o
                0x080007e4                HAL_ADC_Init
 .text.HAL_ADC_Start
                0x08000b04      0x174 ./Drivers/STM32L4xx_HAL_Driver/Src/stm32l4xx_hal_adc.o
                0x08000b04                HAL_ADC_Start
 .text.HAL_ADC_Stop
                0x08000c78       0x66 ./Drivers/STM32L4xx_HAL_Driver/Src/stm32l4xx_hal_adc.o
                0x08000c78                HAL_ADC_Stop
 *fill*         0x08000cde        0x2 
 .text.HAL_ADC_PollForConversion
                0x08000ce0      0x1b0 ./Drivers/STM32L4xx_HAL_Driver/Src/stm32l4xx_hal_adc.o
                0x08000ce0                HAL_ADC_PollForConversion
 .text.HAL_ADC_GetValue
                0x08000e90       0x1a ./Drivers/STM32L4xx_HAL_Driver/Src/stm32l4xx_hal_adc.o
                0x08000e90                HAL_ADC_GetValue
 .text.HAL_ADC_ConvCpltCallback
                0x08000eaa       0x14 ./Drivers/STM32L4xx_HAL_Driver/Src/stm32l4xx_hal_adc.o
                0x08000eaa                HAL_ADC_ConvCpltCallback
 .text.HAL_ADC_ConvHalfCpltCallback
                0x08000ebe       0x14 ./Drivers/STM32L4xx_HAL_Driver/Src/stm32l4xx_hal_adc.o
                0x08000ebe                HAL_ADC_ConvHalfCpltCallback
 .text.HAL_ADC_LevelOutOfWindowCallback
                0x08000ed2       0x14 ./Drivers/STM32L4xx_HAL_Driver/Src/stm32l4xx_hal_adc.o
                0x08000ed2                HAL_ADC_LevelOutOfWindowCallback
 .text.HAL_ADC_ErrorCallback
                0x08000ee6       0x14 ./Drivers/STM32L4xx_HAL_Driver/Src/stm32l4xx_hal_adc.o
                0x08000ee6                HAL_ADC_ErrorCallback
 *fill*         0x08000efa        0x2 
 .text.HAL_ADC_ConfigChannel
                0x08000efc      0x818 ./Drivers/STM32L4xx_HAL_Driver/Src/stm32l4xx_hal_adc.o
                0x08000efc                HAL_ADC_ConfigChannel
 .text.ADC_ConversionStop
                0x08001714      0x178 ./Drivers/STM32L4xx_HAL_Driver/Src/stm32l4xx_hal_adc.o
                0x08001714                ADC_ConversionStop
 .text.ADC_Enable
                0x0800188c      0x10c ./Drivers/STM32L4xx_HAL_Driver/Src/stm32l4xx_hal_adc.o
                0x0800188c                ADC_Enable
 .text.ADC_Disable
                0x08001998       0xbe ./Drivers/STM32L4xx_HAL_Driver/Src/stm32l4xx_hal_adc.o
                0x08001998                ADC_Disable
 .text.LL_ADC_IsEnabled
                0x08001a56       0x26 ./Drivers/STM32L4xx_HAL_Driver/Src/stm32l4xx_hal_adc_ex.o
 .text.LL_ADC_REG_IsConversionOngoing
                0x08001a7c       0x26 ./Drivers/STM32L4xx_HAL_Driver/Src/stm32l4xx_hal_adc_ex.o
 .text.HAL_ADCEx_InjectedConvCpltCallback
                0x08001aa2       0x14 ./Drivers/STM32L4xx_HAL_Driver/Src/stm32l4xx_hal_adc_ex.o
                0x08001aa2                HAL_ADCEx_InjectedConvCpltCallback
 .text.HAL_ADCEx_InjectedQueueOverflowCallback
                0x08001ab6       0x14 ./Drivers/STM32L4xx_HAL_Driver/Src/stm32l4xx_hal_adc_ex.o
                0x08001ab6                HAL_ADCEx_InjectedQueueOverflowCallback
 .text.HAL_ADCEx_LevelOutOfWindow2Callback
                0x08001aca       0x14 ./Drivers/STM32L4xx_HAL_Driver/Src/stm32l4xx_hal_adc_ex.o
                0x08001aca                HAL_ADCEx_LevelOutOfWindow2Callback
 .text.HAL_ADCEx_LevelOutOfWindow3Callback
                0x08001ade       0x14 ./Drivers/STM32L4xx_HAL_Driver/Src/stm32l4xx_hal_adc_ex.o
                0x08001ade                HAL_ADCEx_LevelOutOfWindow3Callback
 .text.HAL_ADCEx_EndOfSamplingCallback
                0x08001af2       0x14 ./Drivers/STM32L4xx_HAL_Driver/Src/stm32l4xx_hal_adc_ex.o
                0x08001af2                HAL_ADCEx_EndOfSamplingCallback
 *fill*         0x08001b06        0x2 
 .text.HAL_ADCEx_MultiModeConfigChannel
                0x08001b08      0x180 ./Drivers/STM32L4xx_HAL_Driver/Src/stm32l4xx_hal_adc_ex.o
                0x08001b08                HAL_ADCEx_MultiModeConfigChannel
 .text.LL_EXTI_EnableIT_0_31
                0x08001c88       0x24 ./Drivers/STM32L4xx_HAL_Driver/Src/stm32l4xx_hal_comp.o
 .text.LL_EXTI_DisableIT_0_31
                0x08001cac       0x28 ./Drivers/STM32L4xx_HAL_Driver/Src/stm32l4xx_hal_comp.o
 .text.LL_EXTI_EnableEvent_0_31
                0x08001cd4       0x24 ./Drivers/STM32L4xx_HAL_Driver/Src/stm32l4xx_hal_comp.o
 .text.LL_EXTI_DisableEvent_0_31
                0x08001cf8       0x28 ./Drivers/STM32L4xx_HAL_Driver/Src/stm32l4xx_hal_comp.o
 .text.LL_EXTI_EnableRisingTrig_0_31
                0x08001d20       0x24 ./Drivers/STM32L4xx_HAL_Driver/Src/stm32l4xx_hal_comp.o
 .text.LL_EXTI_DisableRisingTrig_0_31
                0x08001d44       0x28 ./Drivers/STM32L4xx_HAL_Driver/Src/stm32l4xx_hal_comp.o
 .text.LL_EXTI_EnableFallingTrig_0_31
                0x08001d6c       0x24 ./Drivers/STM32L4xx_HAL_Driver/Src/stm32l4xx_hal_comp.o
 .text.LL_EXTI_DisableFallingTrig_0_31
                0x08001d90       0x28 ./Drivers/STM32L4xx_HAL_Driver/Src/stm32l4xx_hal_comp.o
 .text.LL_EXTI_ClearFlag_0_31
                0x08001db8       0x20 ./Drivers/STM32L4xx_HAL_Driver/Src/stm32l4xx_hal_comp.o
 .text.HAL_COMP_Init
                0x08001dd8      0x1e4 ./Drivers/STM32L4xx_HAL_Driver/Src/stm32l4xx_hal_comp.o
                0x08001dd8                HAL_COMP_Init
 .text.__NVIC_SetPriorityGrouping
                0x08001fbc       0x48 ./Drivers/STM32L4xx_HAL_Driver/Src/stm32l4xx_hal_cortex.o
 .text.__NVIC_GetPriorityGrouping
                0x08002004       0x1c ./Drivers/STM32L4xx_HAL_Driver/Src/stm32l4xx_hal_cortex.o
 .text.__NVIC_EnableIRQ
                0x08002020       0x3c ./Drivers/STM32L4xx_HAL_Driver/Src/stm32l4xx_hal_cortex.o
 .text.__NVIC_SetPriority
                0x0800205c       0x54 ./Drivers/STM32L4xx_HAL_Driver/Src/stm32l4xx_hal_cortex.o
 .text.NVIC_EncodePriority
                0x080020b0       0x66 ./Drivers/STM32L4xx_HAL_Driver/Src/stm32l4xx_hal_cortex.o
 .text.HAL_NVIC_SetPriorityGrouping
                0x08002116       0x16 ./Drivers/STM32L4xx_HAL_Driver/Src/stm32l4xx_hal_cortex.o
                0x08002116                HAL_NVIC_SetPriorityGrouping
 .text.HAL_NVIC_SetPriority
                0x0800212c       0x38 ./Drivers/STM32L4xx_HAL_Driver/Src/stm32l4xx_hal_cortex.o
                0x0800212c                HAL_NVIC_SetPriority
 .text.HAL_NVIC_EnableIRQ
                0x08002164       0x1c ./Drivers/STM32L4xx_HAL_Driver/Src/stm32l4xx_hal_cortex.o
                0x08002164                HAL_NVIC_EnableIRQ
 .text.HAL_DAC_Init
                0x08002180       0x44 ./Drivers/STM32L4xx_HAL_Driver/Src/stm32l4xx_hal_dac.o
                0x08002180                HAL_DAC_Init
 .text.HAL_DAC_ConfigChannel
                0x080021c4      0x24e ./Drivers/STM32L4xx_HAL_Driver/Src/stm32l4xx_hal_dac.o
                0x080021c4                HAL_DAC_ConfigChannel
 *fill*         0x08002412        0x2 
 .text.HAL_GPIO_Init
                0x08002414      0x324 ./Drivers/STM32L4xx_HAL_Driver/Src/stm32l4xx_hal_gpio.o
                0x08002414                HAL_GPIO_Init
 .text.HAL_GPIO_WritePin
                0x08002738       0x30 ./Drivers/STM32L4xx_HAL_Driver/Src/stm32l4xx_hal_gpio.o
                0x08002738                HAL_GPIO_WritePin
 .text.HAL_LCD_Init
                0x08002768      0x180 ./Drivers/STM32L4xx_HAL_Driver/Src/stm32l4xx_hal_lcd.o
                0x08002768                HAL_LCD_Init
 .text.HAL_LCD_Write
                0x080028e8       0xb6 ./Drivers/STM32L4xx_HAL_Driver/Src/stm32l4xx_hal_lcd.o
                0x080028e8                HAL_LCD_Write
 .text.HAL_LCD_UpdateDisplayRequest
                0x0800299e       0x72 ./Drivers/STM32L4xx_HAL_Driver/Src/stm32l4xx_hal_lcd.o
                0x0800299e                HAL_LCD_UpdateDisplayRequest
 .text.LCD_WaitForSynchro
                0x08002a10       0x42 ./Drivers/STM32L4xx_HAL_Driver/Src/stm32l4xx_hal_lcd.o
                0x08002a10                LCD_WaitForSynchro
 *fill*         0x08002a52        0x2 
 .text.HAL_OPAMP_Init
                0x08002a54      0x1ac ./Drivers/STM32L4xx_HAL_Driver/Src/stm32l4xx_hal_opamp.o
                0x08002a54                HAL_OPAMP_Init
 .text.HAL_PWREx_GetVoltageRange
                0x08002c00       0x1c ./Drivers/STM32L4xx_HAL_Driver/Src/stm32l4xx_hal_pwr_ex.o
                0x08002c00                HAL_PWREx_GetVoltageRange
 .text.HAL_PWREx_ControlVoltageScaling
                0x08002c1c       0xac ./Drivers/STM32L4xx_HAL_Driver/Src/stm32l4xx_hal_pwr_ex.o
                0x08002c1c                HAL_PWREx_ControlVoltageScaling
 .text.HAL_RCC_OscConfig
                0x08002cc8      0x834 ./Drivers/STM32L4xx_HAL_Driver/Src/stm32l4xx_hal_rcc.o
                0x08002cc8                HAL_RCC_OscConfig
 .text.HAL_RCC_ClockConfig
                0x080034fc      0x200 ./Drivers/STM32L4xx_HAL_Driver/Src/stm32l4xx_hal_rcc.o
                0x080034fc                HAL_RCC_ClockConfig
 .text.HAL_RCC_GetSysClockFreq
                0x080036fc      0x118 ./Drivers/STM32L4xx_HAL_Driver/Src/stm32l4xx_hal_rcc.o
                0x080036fc                HAL_RCC_GetSysClockFreq
 .text.HAL_RCC_GetHCLKFreq
                0x08003814       0x18 ./Drivers/STM32L4xx_HAL_Driver/Src/stm32l4xx_hal_rcc.o
                0x08003814                HAL_RCC_GetHCLKFreq
 .text.HAL_RCC_GetPCLK2Freq
                0x0800382c       0x2c ./Drivers/STM32L4xx_HAL_Driver/Src/stm32l4xx_hal_rcc.o
                0x0800382c                HAL_RCC_GetPCLK2Freq
 .text.HAL_RCC_GetClockConfig
                0x08003858       0x64 ./Drivers/STM32L4xx_HAL_Driver/Src/stm32l4xx_hal_rcc.o
                0x08003858                HAL_RCC_GetClockConfig
 .text.RCC_SetFlashLatencyFromMSIRange
                0x080038bc       0xc0 ./Drivers/STM32L4xx_HAL_Driver/Src/stm32l4xx_hal_rcc.o
 .text.HAL_RCCEx_PeriphCLKConfig
                0x0800397c      0x5f8 ./Drivers/STM32L4xx_HAL_Driver/Src/stm32l4xx_hal_rcc_ex.o
                0x0800397c                HAL_RCCEx_PeriphCLKConfig
 .text.RCCEx_PLLSAI1_Config
                0x08003f74      0x1e4 ./Drivers/STM32L4xx_HAL_Driver/Src/stm32l4xx_hal_rcc_ex.o
 .text.RCCEx_PLLSAI2_Config
                0x08004158      0x1b8 ./Drivers/STM32L4xx_HAL_Driver/Src/stm32l4xx_hal_rcc_ex.o
 .text.HAL_TIM_Base_Init
                0x08004310       0xc8 ./Drivers/STM32L4xx_HAL_Driver/Src/stm32l4xx_hal_tim.o
                0x08004310                HAL_TIM_Base_Init
 .text.HAL_TIM_Base_Start_IT
                0x080043d8       0xe0 ./Drivers/STM32L4xx_HAL_Driver/Src/stm32l4xx_hal_tim.o
                0x080043d8                HAL_TIM_Base_Start_IT
 .text.HAL_TIM_PWM_Init
                0x080044b8       0xc8 ./Drivers/STM32L4xx_HAL_Driver/Src/stm32l4xx_hal_tim.o
                0x080044b8                HAL_TIM_PWM_Init
 .text.HAL_TIM_PWM_MspInit
                0x08004580       0x14 ./Drivers/STM32L4xx_HAL_Driver/Src/stm32l4xx_hal_tim.o
                0x08004580                HAL_TIM_PWM_MspInit
 .text.HAL_TIM_PWM_Start_IT
                0x08004594      0x2a8 ./Drivers/STM32L4xx_HAL_Driver/Src/stm32l4xx_hal_tim.o
                0x08004594                HAL_TIM_PWM_Start_IT
 .text.HAL_TIM_PWM_Stop_IT
                0x0800483c      0x1c8 ./Drivers/STM32L4xx_HAL_Driver/Src/stm32l4xx_hal_tim.o
                0x0800483c                HAL_TIM_PWM_Stop_IT
 .text.HAL_TIM_IRQHandler
                0x08004a04      0x252 ./Drivers/STM32L4xx_HAL_Driver/Src/stm32l4xx_hal_tim.o
                0x08004a04                HAL_TIM_IRQHandler
 *fill*         0x08004c56        0x2 
 .text.HAL_TIM_PWM_ConfigChannel
                0x08004c58      0x228 ./Drivers/STM32L4xx_HAL_Driver/Src/stm32l4xx_hal_tim.o
                0x08004c58                HAL_TIM_PWM_ConfigChannel
 .text.HAL_TIM_ConfigClockSource
                0x08004e80      0x192 ./Drivers/STM32L4xx_HAL_Driver/Src/stm32l4xx_hal_tim.o
                0x08004e80                HAL_TIM_ConfigClockSource
 .text.HAL_TIM_PeriodElapsedHalfCpltCallback
                0x08005012       0x14 ./Drivers/STM32L4xx_HAL_Driver/Src/stm32l4xx_hal_tim.o
                0x08005012                HAL_TIM_PeriodElapsedHalfCpltCallback
 .text.HAL_TIM_OC_DelayElapsedCallback
                0x08005026       0x14 ./Drivers/STM32L4xx_HAL_Driver/Src/stm32l4xx_hal_tim.o
                0x08005026                HAL_TIM_OC_DelayElapsedCallback
 .text.HAL_TIM_IC_CaptureCallback
                0x0800503a       0x14 ./Drivers/STM32L4xx_HAL_Driver/Src/stm32l4xx_hal_tim.o
                0x0800503a                HAL_TIM_IC_CaptureCallback
 .text.HAL_TIM_IC_CaptureHalfCpltCallback
                0x0800504e       0x14 ./Drivers/STM32L4xx_HAL_Driver/Src/stm32l4xx_hal_tim.o
                0x0800504e                HAL_TIM_IC_CaptureHalfCpltCallback
 .text.HAL_TIM_PWM_PulseFinishedCallback
                0x08005062       0x14 ./Drivers/STM32L4xx_HAL_Driver/Src/stm32l4xx_hal_tim.o
                0x08005062                HAL_TIM_PWM_PulseFinishedCallback
 .text.HAL_TIM_PWM_PulseFinishedHalfCpltCallback
                0x08005076       0x14 ./Drivers/STM32L4xx_HAL_Driver/Src/stm32l4xx_hal_tim.o
                0x08005076                HAL_TIM_PWM_PulseFinishedHalfCpltCallback
 .text.HAL_TIM_TriggerCallback
                0x0800508a       0x14 ./Drivers/STM32L4xx_HAL_Driver/Src/stm32l4xx_hal_tim.o
                0x0800508a                HAL_TIM_TriggerCallback
 .text.HAL_TIM_TriggerHalfCpltCallback
                0x0800509e       0x14 ./Drivers/STM32L4xx_HAL_Driver/Src/stm32l4xx_hal_tim.o
                0x0800509e                HAL_TIM_TriggerHalfCpltCallback
 .text.HAL_TIM_ErrorCallback
                0x080050b2       0x14 ./Drivers/STM32L4xx_HAL_Driver/Src/stm32l4xx_hal_tim.o
                0x080050b2                HAL_TIM_ErrorCallback
 *fill*         0x080050c6        0x2 
 .text.HAL_TIM_RegisterCallback
                0x080050c8      0x288 ./Drivers/STM32L4xx_HAL_Driver/Src/stm32l4xx_hal_tim.o
                0x080050c8                HAL_TIM_RegisterCallback
 .text.TIM_Base_SetConfig
                0x08005350      0x14c ./Drivers/STM32L4xx_HAL_Driver/Src/stm32l4xx_hal_tim.o
                0x08005350                TIM_Base_SetConfig
 .text.TIM_OC1_SetConfig
                0x0800549c      0x120 ./Drivers/STM32L4xx_HAL_Driver/Src/stm32l4xx_hal_tim.o
 .text.TIM_OC2_SetConfig
                0x080055bc      0x114 ./Drivers/STM32L4xx_HAL_Driver/Src/stm32l4xx_hal_tim.o
                0x080055bc                TIM_OC2_SetConfig
 .text.TIM_OC3_SetConfig
                0x080056d0      0x110 ./Drivers/STM32L4xx_HAL_Driver/Src/stm32l4xx_hal_tim.o
 .text.TIM_OC4_SetConfig
                0x080057e0       0xd4 ./Drivers/STM32L4xx_HAL_Driver/Src/stm32l4xx_hal_tim.o
 .text.TIM_OC5_SetConfig
                0x080058b4       0xc8 ./Drivers/STM32L4xx_HAL_Driver/Src/stm32l4xx_hal_tim.o
 .text.TIM_OC6_SetConfig
                0x0800597c       0xcc ./Drivers/STM32L4xx_HAL_Driver/Src/stm32l4xx_hal_tim.o
 .text.TIM_TI1_ConfigInputStage
                0x08005a48       0x5e ./Drivers/STM32L4xx_HAL_Driver/Src/stm32l4xx_hal_tim.o
 .text.TIM_TI2_ConfigInputStage
                0x08005aa6       0x60 ./Drivers/STM32L4xx_HAL_Driver/Src/stm32l4xx_hal_tim.o
 .text.TIM_ITRx_SetConfig
                0x08005b06       0x36 ./Drivers/STM32L4xx_HAL_Driver/Src/stm32l4xx_hal_tim.o
 .text.TIM_ETR_SetConfig
                0x08005b3c       0x40 ./Drivers/STM32L4xx_HAL_Driver/Src/stm32l4xx_hal_tim.o
                0x08005b3c                TIM_ETR_SetConfig
 .text.TIM_CCxChannelCmd
                0x08005b7c       0x4a ./Drivers/STM32L4xx_HAL_Driver/Src/stm32l4xx_hal_tim.o
                0x08005b7c                TIM_CCxChannelCmd
 *fill*         0x08005bc6        0x2 
 .text.TIM_ResetCallback
                0x08005bc8       0xbc ./Drivers/STM32L4xx_HAL_Driver/Src/stm32l4xx_hal_tim.o
                0x08005bc8                TIM_ResetCallback
 .text.HAL_TIMEx_MasterConfigSynchronization
                0x08005c84      0x110 ./Drivers/STM32L4xx_HAL_Driver/Src/stm32l4xx_hal_tim_ex.o
                0x08005c84                HAL_TIMEx_MasterConfigSynchronization
 .text.HAL_TIMEx_ConfigBreakDeadTime
                0x08005d94       0xfc ./Drivers/STM32L4xx_HAL_Driver/Src/stm32l4xx_hal_tim_ex.o
                0x08005d94                HAL_TIMEx_ConfigBreakDeadTime
 .text.HAL_TIMEx_CommutCallback
                0x08005e90       0x14 ./Drivers/STM32L4xx_HAL_Driver/Src/stm32l4xx_hal_tim_ex.o
                0x08005e90                HAL_TIMEx_CommutCallback
 .text.HAL_TIMEx_CommutHalfCpltCallback
                0x08005ea4       0x14 ./Drivers/STM32L4xx_HAL_Driver/Src/stm32l4xx_hal_tim_ex.o
                0x08005ea4                HAL_TIMEx_CommutHalfCpltCallback
 .text.HAL_TIMEx_BreakCallback
                0x08005eb8       0x14 ./Drivers/STM32L4xx_HAL_Driver/Src/stm32l4xx_hal_tim_ex.o
                0x08005eb8                HAL_TIMEx_BreakCallback
 .text.HAL_TIMEx_Break2Callback
                0x08005ecc       0x14 ./Drivers/STM32L4xx_HAL_Driver/Src/stm32l4xx_hal_tim_ex.o
                0x08005ecc                HAL_TIMEx_Break2Callback
 .text.LL_GPIO_SetPinMode
                0x08005ee0       0x7a ./Drivers/STM32L4xx_HAL_Driver/Src/stm32l4xx_ll_gpio.o
 .text.LL_GPIO_SetPinOutputType
                0x08005f5a       0x30 ./Drivers/STM32L4xx_HAL_Driver/Src/stm32l4xx_ll_gpio.o
 .text.LL_GPIO_SetPinSpeed
                0x08005f8a       0x7a ./Drivers/STM32L4xx_HAL_Driver/Src/stm32l4xx_ll_gpio.o
 .text.LL_GPIO_SetPinPull
                0x08006004       0x7a ./Drivers/STM32L4xx_HAL_Driver/Src/stm32l4xx_ll_gpio.o
 .text.LL_GPIO_SetAFPin_0_7
                0x0800607e       0x7a ./Drivers/STM32L4xx_HAL_Driver/Src/stm32l4xx_ll_gpio.o
 .text.LL_GPIO_SetAFPin_8_15
                0x080060f8       0x7e ./Drivers/STM32L4xx_HAL_Driver/Src/stm32l4xx_ll_gpio.o
 .text.LL_GPIO_Init
                0x08006176       0xdc ./Drivers/STM32L4xx_HAL_Driver/Src/stm32l4xx_ll_gpio.o
                0x08006176                LL_GPIO_Init
 *fill*         0x08006252        0x2 
 .text.__NVIC_SetPriority
                0x08006254       0x54 ./Middlewares/Third_Party/FreeRTOS/Source/CMSIS_RTOS_V2/cmsis_os2.o
 .text.SysTick_Handler
                0x080062a8       0x20 ./Middlewares/Third_Party/FreeRTOS/Source/CMSIS_RTOS_V2/cmsis_os2.o
                0x080062a8                SysTick_Handler
 .text.SVC_Setup
                0x080062c8       0x12 ./Middlewares/Third_Party/FreeRTOS/Source/CMSIS_RTOS_V2/cmsis_os2.o
 *fill*         0x080062da        0x2 
 .text.osKernelInitialize
                0x080062dc       0x48 ./Middlewares/Third_Party/FreeRTOS/Source/CMSIS_RTOS_V2/cmsis_os2.o
                0x080062dc                osKernelInitialize
 .text.osKernelStart
                0x08006324       0x4c ./Middlewares/Third_Party/FreeRTOS/Source/CMSIS_RTOS_V2/cmsis_os2.o
                0x08006324                osKernelStart
 .text.osThreadNew
                0x08006370      0x124 ./Middlewares/Third_Party/FreeRTOS/Source/CMSIS_RTOS_V2/cmsis_os2.o
                0x08006370                osThreadNew
 .text.osDelay  0x08006494       0x36 ./Middlewares/Third_Party/FreeRTOS/Source/CMSIS_RTOS_V2/cmsis_os2.o
                0x08006494                osDelay
 .text.osEventFlagsNew
                0x080064ca       0x7e ./Middlewares/Third_Party/FreeRTOS/Source/CMSIS_RTOS_V2/cmsis_os2.o
                0x080064ca                osEventFlagsNew
 .text.osEventFlagsWait
                0x08006548       0xca ./Middlewares/Third_Party/FreeRTOS/Source/CMSIS_RTOS_V2/cmsis_os2.o
                0x08006548                osEventFlagsWait
 .text.osMessageQueueNew
                0x08006612       0xe6 ./Middlewares/Third_Party/FreeRTOS/Source/CMSIS_RTOS_V2/cmsis_os2.o
                0x08006612                osMessageQueueNew
 .text.osMessageQueuePut
                0x080066f8       0xc0 ./Middlewares/Third_Party/FreeRTOS/Source/CMSIS_RTOS_V2/cmsis_os2.o
                0x080066f8                osMessageQueuePut
 .text.osMessageQueueGet
                0x080067b8       0xbc ./Middlewares/Third_Party/FreeRTOS/Source/CMSIS_RTOS_V2/cmsis_os2.o
                0x080067b8                osMessageQueueGet
 .text.vApplicationGetIdleTaskMemory
                0x08006874       0x34 ./Middlewares/Third_Party/FreeRTOS/Source/CMSIS_RTOS_V2/cmsis_os2.o
                0x08006874                vApplicationGetIdleTaskMemory
 .text.vApplicationGetTimerTaskMemory
                0x080068a8       0x34 ./Middlewares/Third_Party/FreeRTOS/Source/CMSIS_RTOS_V2/cmsis_os2.o
                0x080068a8                vApplicationGetTimerTaskMemory
 .text.xEventGroupCreateStatic
                0x080068dc       0x72 ./Middlewares/Third_Party/FreeRTOS/Source/event_groups.o
                0x080068dc                xEventGroupCreateStatic
 .text.xEventGroupCreate
                0x0800694e       0x34 ./Middlewares/Third_Party/FreeRTOS/Source/event_groups.o
                0x0800694e                xEventGroupCreate
 *fill*         0x08006982        0x2 
 .text.xEventGroupWaitBits
                0x08006984      0x1a4 ./Middlewares/Third_Party/FreeRTOS/Source/event_groups.o
                0x08006984                xEventGroupWaitBits
 .text.prvTestWaitCondition
                0x08006b28       0x44 ./Middlewares/Third_Party/FreeRTOS/Source/event_groups.o
 .text.vListInitialise
                0x08006b6c       0x40 ./Middlewares/Third_Party/FreeRTOS/Source/list.o
                0x08006b6c                vListInitialise
 .text.vListInitialiseItem
                0x08006bac       0x1a ./Middlewares/Third_Party/FreeRTOS/Source/list.o
                0x08006bac                vListInitialiseItem
 .text.vListInsertEnd
                0x08006bc6       0x48 ./Middlewares/Third_Party/FreeRTOS/Source/list.o
                0x08006bc6                vListInsertEnd
 .text.vListInsert
                0x08006c0e       0x72 ./Middlewares/Third_Party/FreeRTOS/Source/list.o
                0x08006c0e                vListInsert
 .text.uxListRemove
                0x08006c80       0x54 ./Middlewares/Third_Party/FreeRTOS/Source/list.o
                0x08006c80                uxListRemove
 .text.xQueueGenericReset
                0x08006cd4       0xd4 ./Middlewares/Third_Party/FreeRTOS/Source/queue.o
                0x08006cd4                xQueueGenericReset
 .text.xQueueGenericCreateStatic
                0x08006da8       0xfa ./Middlewares/Third_Party/FreeRTOS/Source/queue.o
                0x08006da8                xQueueGenericCreateStatic
 .text.xQueueGenericCreate
                0x08006ea2       0x76 ./Middlewares/Third_Party/FreeRTOS/Source/queue.o
                0x08006ea2                xQueueGenericCreate
 .text.prvInitialiseNewQueue
                0x08006f18       0x46 ./Middlewares/Third_Party/FreeRTOS/Source/queue.o
 *fill*         0x08006f5e        0x2 
 .text.xQueueGenericSend
                0x08006f60      0x204 ./Middlewares/Third_Party/FreeRTOS/Source/queue.o
                0x08006f60                xQueueGenericSend
 .text.xQueueGenericSendFromISR
                0x08007164      0x13c ./Middlewares/Third_Party/FreeRTOS/Source/queue.o
                0x08007164                xQueueGenericSendFromISR
 .text.xQueueReceive
                0x080072a0      0x1c4 ./Middlewares/Third_Party/FreeRTOS/Source/queue.o
                0x080072a0                xQueueReceive
 .text.xQueueReceiveFromISR
                0x08007464      0x104 ./Middlewares/Third_Party/FreeRTOS/Source/queue.o
                0x08007464                xQueueReceiveFromISR
 .text.prvCopyDataToQueue
                0x08007568       0xd4 ./Middlewares/Third_Party/FreeRTOS/Source/queue.o
 .text.prvCopyDataFromQueue
                0x0800763c       0x4c ./Middlewares/Third_Party/FreeRTOS/Source/queue.o
 .text.prvUnlockQueue
                0x08007688       0xa4 ./Middlewares/Third_Party/FreeRTOS/Source/queue.o
 .text.prvIsQueueEmpty
                0x0800772c       0x2c ./Middlewares/Third_Party/FreeRTOS/Source/queue.o
 .text.prvIsQueueFull
                0x08007758       0x30 ./Middlewares/Third_Party/FreeRTOS/Source/queue.o
 .text.vQueueAddToRegistry
                0x08007788       0x54 ./Middlewares/Third_Party/FreeRTOS/Source/queue.o
                0x08007788                vQueueAddToRegistry
 .text.vQueueWaitForMessageRestricted
                0x080077dc       0x68 ./Middlewares/Third_Party/FreeRTOS/Source/queue.o
                0x080077dc                vQueueWaitForMessageRestricted
 .text.xTaskCreateStatic
                0x08007844       0xc0 ./Middlewares/Third_Party/FreeRTOS/Source/tasks.o
                0x08007844                xTaskCreateStatic
 .text.xTaskCreate
                0x08007904       0x8a ./Middlewares/Third_Party/FreeRTOS/Source/tasks.o
                0x08007904                xTaskCreate
 *fill*         0x0800798e        0x2 
 .text.prvInitialiseNewTask
                0x08007990      0x150 ./Middlewares/Third_Party/FreeRTOS/Source/tasks.o
 .text.prvAddNewTaskToReadyList
                0x08007ae0       0xe0 ./Middlewares/Third_Party/FreeRTOS/Source/tasks.o
 .text.vTaskDelay
                0x08007bc0       0x6c ./Middlewares/Third_Party/FreeRTOS/Source/tasks.o
                0x08007bc0                vTaskDelay
 .text.vTaskStartScheduler
                0x08007c2c       0xe0 ./Middlewares/Third_Party/FreeRTOS/Source/tasks.o
                0x08007c2c                vTaskStartScheduler
 .text.vTaskSuspendAll
                0x08007d0c       0x1c ./Middlewares/Third_Party/FreeRTOS/Source/tasks.o
                0x08007d0c                vTaskSuspendAll
 .text.prvGetExpectedIdleTime
                0x08007d28       0x70 ./Middlewares/Third_Party/FreeRTOS/Source/tasks.o
 .text.xTaskResumeAll
                0x08007d98      0x13c ./Middlewares/Third_Party/FreeRTOS/Source/tasks.o
                0x08007d98                xTaskResumeAll
 .text.xTaskGetTickCount
                0x08007ed4       0x20 ./Middlewares/Third_Party/FreeRTOS/Source/tasks.o
                0x08007ed4                xTaskGetTickCount
 .text.vTaskStepTick
                0x08007ef4       0x50 ./Middlewares/Third_Party/FreeRTOS/Source/tasks.o
                0x08007ef4                vTaskStepTick
 .text.xTaskIncrementTick
                0x08007f44      0x174 ./Middlewares/Third_Party/FreeRTOS/Source/tasks.o
                0x08007f44                xTaskIncrementTick
 .text.vTaskSwitchContext
                0x080080b8       0xcc ./Middlewares/Third_Party/FreeRTOS/Source/tasks.o
                0x080080b8                vTaskSwitchContext
 .text.vTaskPlaceOnEventList
                0x08008184       0x4c ./Middlewares/Third_Party/FreeRTOS/Source/tasks.o
                0x08008184                vTaskPlaceOnEventList
 .text.vTaskPlaceOnUnorderedEventList
                0x080081d0       0x7c ./Middlewares/Third_Party/FreeRTOS/Source/tasks.o
                0x080081d0                vTaskPlaceOnUnorderedEventList
 .text.vTaskPlaceOnEventListRestricted
                0x0800824c       0x58 ./Middlewares/Third_Party/FreeRTOS/Source/tasks.o
                0x0800824c                vTaskPlaceOnEventListRestricted
 .text.xTaskRemoveFromEventList
                0x080082a4       0xcc ./Middlewares/Third_Party/FreeRTOS/Source/tasks.o
                0x080082a4                xTaskRemoveFromEventList
 .text.vTaskInternalSetTimeOutState
                0x08008370       0x2c ./Middlewares/Third_Party/FreeRTOS/Source/tasks.o
                0x08008370                vTaskInternalSetTimeOutState
 .text.xTaskCheckForTimeOut
                0x0800839c       0xc8 ./Middlewares/Third_Party/FreeRTOS/Source/tasks.o
                0x0800839c                xTaskCheckForTimeOut
 .text.vTaskMissedYield
                0x08008464       0x18 ./Middlewares/Third_Party/FreeRTOS/Source/tasks.o
                0x08008464                vTaskMissedYield
 .text.prvIdleTask
                0x0800847c       0x80 ./Middlewares/Third_Party/FreeRTOS/Source/tasks.o
 .text.eTaskConfirmSleepModeStatus
                0x080084fc       0x5c ./Middlewares/Third_Party/FreeRTOS/Source/tasks.o
                0x080084fc                eTaskConfirmSleepModeStatus
 .text.prvInitialiseTaskLists
                0x08008558       0x80 ./Middlewares/Third_Party/FreeRTOS/Source/tasks.o
 .text.prvCheckTasksWaitingTermination
                0x080085d8       0x5c ./Middlewares/Third_Party/FreeRTOS/Source/tasks.o
 .text.prvDeleteTCB
                0x08008634       0x6a ./Middlewares/Third_Party/FreeRTOS/Source/tasks.o
 *fill*         0x0800869e        0x2 
 .text.prvResetNextTaskUnblockTime
                0x080086a0       0x40 ./Middlewares/Third_Party/FreeRTOS/Source/tasks.o
 .text.xTaskGetSchedulerState
                0x080086e0       0x3c ./Middlewares/Third_Party/FreeRTOS/Source/tasks.o
                0x080086e0                xTaskGetSchedulerState
 .text.xTaskPriorityDisinherit
                0x0800871c       0xe0 ./Middlewares/Third_Party/FreeRTOS/Source/tasks.o
                0x0800871c                xTaskPriorityDisinherit
 .text.uxTaskResetEventItemValue
                0x080087fc       0x30 ./Middlewares/Third_Party/FreeRTOS/Source/tasks.o
                0x080087fc                uxTaskResetEventItemValue
 .text.prvAddCurrentTaskToDelayedList
                0x0800882c       0xa8 ./Middlewares/Third_Party/FreeRTOS/Source/tasks.o
 .text.xTimerCreateTimerTask
                0x080088d4       0x94 ./Middlewares/Third_Party/FreeRTOS/Source/timers.o
                0x080088d4                xTimerCreateTimerTask
 .text.xTimerGenericCommand
                0x08008968       0x9c ./Middlewares/Third_Party/FreeRTOS/Source/timers.o
                0x08008968                xTimerGenericCommand
 .text.prvProcessExpiredTimer
                0x08008a04       0x9c ./Middlewares/Third_Party/FreeRTOS/Source/timers.o
 .text.prvTimerTask
                0x08008aa0       0x26 ./Middlewares/Third_Party/FreeRTOS/Source/timers.o
 *fill*         0x08008ac6        0x2 
 .text.prvProcessTimerOrBlockTask
                0x08008ac8       0x9c ./Middlewares/Third_Party/FreeRTOS/Source/timers.o
 .text.prvGetNextExpireTime
                0x08008b64       0x48 ./Middlewares/Third_Party/FreeRTOS/Source/timers.o
 .text.prvSampleTimeNow
                0x08008bac       0x40 ./Middlewares/Third_Party/FreeRTOS/Source/timers.o
 .text.prvInsertTimerInActiveList
                0x08008bec       0x84 ./Middlewares/Third_Party/FreeRTOS/Source/timers.o
 .text.prvProcessReceivedCommands
                0x08008c70      0x1cc ./Middlewares/Third_Party/FreeRTOS/Source/timers.o
 .text.prvSwitchTimerLists
                0x08008e3c       0xcc ./Middlewares/Third_Party/FreeRTOS/Source/timers.o
 .text.prvCheckForValidListAndQueue
                0x08008f08       0x80 ./Middlewares/Third_Party/FreeRTOS/Source/timers.o
 .text.pxPortInitialiseStack
                0x08008f88       0x68 ./Middlewares/Third_Party/FreeRTOS/Source/portable/GCC/ARM_CM4F/port.o
                0x08008f88                pxPortInitialiseStack
 .text.prvTaskExitError
                0x08008ff0       0x5c ./Middlewares/Third_Party/FreeRTOS/Source/portable/GCC/ARM_CM4F/port.o
 *fill*         0x0800904c        0x4 
 .text.SVC_Handler
                0x08009050       0x28 ./Middlewares/Third_Party/FreeRTOS/Source/portable/GCC/ARM_CM4F/port.o
                0x08009050                SVC_Handler
 .text.prvPortStartFirstTask
                0x08009078       0x28 ./Middlewares/Third_Party/FreeRTOS/Source/portable/GCC/ARM_CM4F/port.o
 .text.xPortStartScheduler
                0x080090a0      0x148 ./Middlewares/Third_Party/FreeRTOS/Source/portable/GCC/ARM_CM4F/port.o
                0x080090a0                xPortStartScheduler
 .text.vPortEnterCritical
                0x080091e8       0x64 ./Middlewares/Third_Party/FreeRTOS/Source/portable/GCC/ARM_CM4F/port.o
                0x080091e8                vPortEnterCritical
 .text.vPortExitCritical
                0x0800924c       0x54 ./Middlewares/Third_Party/FreeRTOS/Source/portable/GCC/ARM_CM4F/port.o
                0x0800924c                vPortExitCritical
 .text.PendSV_Handler
                0x080092a0       0x68 ./Middlewares/Third_Party/FreeRTOS/Source/portable/GCC/ARM_CM4F/port.o
                0x080092a0                PendSV_Handler
 .text.xPortSysTickHandler
                0x08009308       0x44 ./Middlewares/Third_Party/FreeRTOS/Source/portable/GCC/ARM_CM4F/port.o
                0x08009308                xPortSysTickHandler
 .text.vPortSuppressTicksAndSleep
                0x0800934c      0x198 ./Middlewares/Third_Party/FreeRTOS/Source/portable/GCC/ARM_CM4F/port.o
                0x0800934c                vPortSuppressTicksAndSleep
 .text.vPortSetupTimerInterrupt
                0x080094e4       0x78 ./Middlewares/Third_Party/FreeRTOS/Source/portable/GCC/ARM_CM4F/port.o
                0x080094e4                vPortSetupTimerInterrupt
 .text.vPortEnableVFP
                0x0800955c       0x14 ./Middlewares/Third_Party/FreeRTOS/Source/portable/GCC/ARM_CM4F/port.o
 .text.vPortValidateInterruptPriority
                0x08009570       0x84 ./Middlewares/Third_Party/FreeRTOS/Source/portable/GCC/ARM_CM4F/port.o
                0x08009570                vPortValidateInterruptPriority
 .text.pvPortMalloc
                0x080095f4      0x19c ./Middlewares/Third_Party/FreeRTOS/Source/portable/MemMang/heap_4.o
                0x080095f4                pvPortMalloc
 .text.vPortFree
                0x08009790       0xc8 ./Middlewares/Third_Party/FreeRTOS/Source/portable/MemMang/heap_4.o
                0x08009790                vPortFree
 .text.prvHeapInit
                0x08009858       0xc4 ./Middlewares/Third_Party/FreeRTOS/Source/portable/MemMang/heap_4.o
 .text.prvInsertBlockIntoFreeList
                0x0800991c       0xb4 ./Middlewares/Third_Party/FreeRTOS/Source/portable/MemMang/heap_4.o
 .text.StartAcquisitionTask
                0x080099d0      0x114 ./Src/acquisition.o
                0x080099d0                StartAcquisitionTask
 .text.tim1Callback
                0x08009ae4       0x2c ./Src/application.o
                0x08009ae4                tim1Callback
 .text.StartDefaultTask
                0x08009b10       0xcc ./Src/application.o
                0x08009b10                StartDefaultTask
 .text.lcdWriteTemperature
                0x08009bdc       0xd8 ./Src/display.o
 .text.StartDisplayTask
                0x08009cb4       0x30 ./Src/display.o
                0x08009cb4                StartDisplayTask
 .text.PreSleepProcessing
                0x08009ce4       0x14 ./Src/freertos.o
                0x08009ce4                PreSleepProcessing
 .text.PostSleepProcessing
                0x08009cf8       0x14 ./Src/freertos.o
                0x08009cf8                PostSleepProcessing
 .text.LL_GPIO_IsInputPinSet
                0x08009d0c       0x2a ./Src/io.o
 *fill*         0x08009d36        0x2 
 .text.led0     0x08009d38       0x3c ./Src/io.o
                0x08009d38                led0
 .text.led1     0x08009d74       0x3c ./Src/io.o
                0x08009d74                led1
 .text.led2     0x08009db0       0x3c ./Src/io.o
                0x08009db0                led2
 .text.led3     0x08009dec       0x3c ./Src/io.o
                0x08009dec                led3
 .text.getSwitch0
                0x08009e28       0x18 ./Src/io.o
                0x08009e28                getSwitch0
 .text.getSwitch1
                0x08009e40       0x18 ./Src/io.o
                0x08009e40                getSwitch1
 .text.lcdWriteDigit
                0x08009e58      0x288 ./Src/io.o
                0x08009e58                lcdWriteDigit
 .text.lcdUpdateDisplay
                0x0800a0e0       0x14 ./Src/io.o
                0x0800a0e0                lcdUpdateDisplay
 .text.LL_GPIO_SetOutputPin
                0x0800a0f4       0x1c ./Src/main.o
 .text.LL_GPIO_ResetOutputPin
                0x0800a110       0x1c ./Src/main.o
 .text.LL_AHB2_GRP1_EnableClock
                0x0800a12c       0x30 ./Src/main.o
 .text.main     0x0800a15c       0xc4 ./Src/main.o
                0x0800a15c                main
 .text.SystemClock_Config
                0x0800a220       0xa2 ./Src/main.o
                0x0800a220                SystemClock_Config
 *fill*         0x0800a2c2        0x2 
 .text.MX_ADC1_Init
                0x0800a2c4       0xf0 ./Src/main.o
 .text.MX_ADC2_Init
                0x0800a3b4       0xc8 ./Src/main.o
 .text.MX_ADC3_Init
                0x0800a47c       0xc8 ./Src/main.o
 .text.MX_COMP1_Init
                0x0800a544       0x58 ./Src/main.o
 .text.MX_DAC1_Init
                0x0800a59c       0x78 ./Src/main.o
 .text.MX_LCD_Init
                0x0800a614       0x70 ./Src/main.o
 .text.MX_OPAMP1_Init
                0x0800a684       0x50 ./Src/main.o
 .text.MX_OPAMP2_Init
                0x0800a6d4       0x50 ./Src/main.o
 .text.MX_TIM1_Init
                0x0800a724      0x15c ./Src/main.o
 .text.MX_GPIO_Init
                0x0800a880      0x168 ./Src/main.o
 .text.HAL_TIM_PeriodElapsedCallback
                0x0800a9e8       0x24 ./Src/main.o
                0x0800a9e8                HAL_TIM_PeriodElapsedCallback
 .text.Error_Handler
                0x0800aa0c        0xe ./Src/main.o
                0x0800aa0c                Error_Handler
 *fill*         0x0800aa1a        0x2 
 .text.HAL_MspInit
                0x0800aa1c       0x60 ./Src/stm32l4xx_hal_msp.o
                0x0800aa1c                HAL_MspInit
 .text.HAL_ADC_MspInit
                0x0800aa7c      0x1f0 ./Src/stm32l4xx_hal_msp.o
                0x0800aa7c                HAL_ADC_MspInit
 .text.HAL_COMP_MspInit
                0x0800ac6c       0x68 ./Src/stm32l4xx_hal_msp.o
                0x0800ac6c                HAL_COMP_MspInit
 .text.HAL_DAC_MspInit
                0x0800acd4       0x7c ./Src/stm32l4xx_hal_msp.o
                0x0800acd4                HAL_DAC_MspInit
 .text.HAL_LCD_MspInit
                0x0800ad50      0x154 ./Src/stm32l4xx_hal_msp.o
                0x0800ad50                HAL_LCD_MspInit
 .text.HAL_OPAMP_MspInit
                0x0800aea4      0x158 ./Src/stm32l4xx_hal_msp.o
                0x0800aea4                HAL_OPAMP_MspInit
 .text.HAL_TIM_Base_MspInit
                0x0800affc       0x5c ./Src/stm32l4xx_hal_msp.o
                0x0800affc                HAL_TIM_Base_MspInit
 .text.HAL_TIM_MspPostInit
                0x0800b058       0x70 ./Src/stm32l4xx_hal_msp.o
                0x0800b058                HAL_TIM_MspPostInit
 .text.HAL_InitTick
                0x0800b0c8       0xec ./Src/stm32l4xx_hal_timebase_tim.o
                0x0800b0c8                HAL_InitTick
 .text.TimeBase_TIM_PeriodElapsedCallback
                0x0800b1b4       0x14 ./Src/stm32l4xx_hal_timebase_tim.o
                0x0800b1b4                TimeBase_TIM_PeriodElapsedCallback
 .text.NMI_Handler
                0x0800b1c8        0xe ./Src/stm32l4xx_it.o
                0x0800b1c8                NMI_Handler
 .text.HardFault_Handler
                0x0800b1d6        0x8 ./Src/stm32l4xx_it.o
                0x0800b1d6                HardFault_Handler
 .text.MemManage_Handler
                0x0800b1de        0x8 ./Src/stm32l4xx_it.o
                0x0800b1de                MemManage_Handler
 .text.BusFault_Handler
                0x0800b1e6        0x8 ./Src/stm32l4xx_it.o
                0x0800b1e6                BusFault_Handler
 .text.UsageFault_Handler
                0x0800b1ee        0x8 ./Src/stm32l4xx_it.o
                0x0800b1ee                UsageFault_Handler
 .text.DebugMon_Handler
                0x0800b1f6        0xe ./Src/stm32l4xx_it.o
                0x0800b1f6                DebugMon_Handler
 .text.TIM1_TRG_COM_TIM17_IRQHandler
                0x0800b204       0x2c ./Src/stm32l4xx_it.o
                0x0800b204                TIM1_TRG_COM_TIM17_IRQHandler
 .text.TIM1_CC_IRQHandler
                0x0800b230       0x14 ./Src/stm32l4xx_it.o
                0x0800b230                TIM1_CC_IRQHandler
 .text.SystemInit
                0x0800b244       0x6c ./Src/system_stm32l4xx.o
                0x0800b244                SystemInit
 .text.Reset_Handler
                0x0800b2b0       0x50 ./Startup/startup_stm32l496vetx.o
                0x0800b2b0                Reset_Handler
 .text.Default_Handler
                0x0800b300        0x2 ./Startup/startup_stm32l496vetx.o
                0x0800b300                RTC_Alarm_IRQHandler
                0x0800b300                EXTI2_IRQHandler
                0x0800b300                TIM8_TRG_COM_IRQHandler
                0x0800b300                TIM8_CC_IRQHandler
                0x0800b300                TSC_IRQHandler
                0x0800b300                TAMP_STAMP_IRQHandler
                0x0800b300                CAN2_RX1_IRQHandler
                0x0800b300                EXTI3_IRQHandler
                0x0800b300                LPTIM2_IRQHandler
                0x0800b300                DFSDM1_FLT1_IRQHandler
                0x0800b300                I2C3_ER_IRQHandler
                0x0800b300                DFSDM1_FLT2_IRQHandler
                0x0800b300                EXTI0_IRQHandler
                0x0800b300                I2C2_EV_IRQHandler
                0x0800b300                CAN1_RX0_IRQHandler
                0x0800b300                FPU_IRQHandler
                0x0800b300                TIM1_UP_TIM16_IRQHandler
                0x0800b300                CAN2_SCE_IRQHandler
                0x0800b300                ADC1_2_IRQHandler
                0x0800b300                SPI1_IRQHandler
                0x0800b300                TIM6_DAC_IRQHandler
                0x0800b300                DCMI_IRQHandler
                0x0800b300                CAN2_RX0_IRQHandler
                0x0800b300                TIM8_UP_IRQHandler
                0x0800b300                DMA2_Channel2_IRQHandler
                0x0800b300                DMA1_Channel4_IRQHandler
                0x0800b300                SAI2_IRQHandler
                0x0800b300                DFSDM1_FLT3_IRQHandler
                0x0800b300                USART3_IRQHandler
                0x0800b300                DMA1_Channel7_IRQHandler
                0x0800b300                CAN1_RX1_IRQHandler
                0x0800b300                LCD_IRQHandler
                0x0800b300                UART5_IRQHandler
                0x0800b300                ADC3_IRQHandler
                0x0800b300                TIM4_IRQHandler
                0x0800b300                DMA2_Channel1_IRQHandler
                0x0800b300                QUADSPI_IRQHandler
                0x0800b300                I2C1_EV_IRQHandler
                0x0800b300                DMA1_Channel6_IRQHandler
                0x0800b300                UART4_IRQHandler
                0x0800b300                DMA2_Channel4_IRQHandler
                0x0800b300                TIM3_IRQHandler
                0x0800b300                RCC_IRQHandler
                0x0800b300                DMA1_Channel1_IRQHandler
                0x0800b300                Default_Handler
                0x0800b300                DMA2_Channel7_IRQHandler
                0x0800b300                EXTI15_10_IRQHandler
                0x0800b300                TIM7_IRQHandler
                0x0800b300                SDMMC1_IRQHandler
                0x0800b300                CAN2_TX_IRQHandler
                0x0800b300                TIM5_IRQHandler
                0x0800b300                I2C3_EV_IRQHandler
                0x0800b300                EXTI9_5_IRQHandler
                0x0800b300                RTC_WKUP_IRQHandler
                0x0800b300                PVD_PVM_IRQHandler
                0x0800b300                SPI2_IRQHandler
                0x0800b300                CAN1_TX_IRQHandler
                0x0800b300                DMA2_Channel5_IRQHandler
                0x0800b300                CRS_IRQHandler
                0x0800b300                DMA1_Channel5_IRQHandler
                0x0800b300                EXTI4_IRQHandler
                0x0800b300                RNG_IRQHandler
                0x0800b300                DMA1_Channel3_IRQHandler
                0x0800b300                COMP_IRQHandler
                0x0800b300                WWDG_IRQHandler
                0x0800b300                I2C4_EV_IRQHandler
                0x0800b300                LPUART1_IRQHandler
                0x0800b300                DMA2_Channel6_IRQHandler
                0x0800b300                TIM2_IRQHandler
                0x0800b300                EXTI1_IRQHandler
                0x0800b300                USART2_IRQHandler
                0x0800b300                DFSDM1_FLT0_IRQHandler
                0x0800b300                I2C2_ER_IRQHandler
                0x0800b300                DMA1_Channel2_IRQHandler
                0x0800b300                TIM8_BRK_IRQHandler
                0x0800b300                CAN1_SCE_IRQHandler
                0x0800b300                FLASH_IRQHandler
                0x0800b300                USART1_IRQHandler
                0x0800b300                OTG_FS_IRQHandler
                0x0800b300                SPI3_IRQHandler
                0x0800b300                I2C1_ER_IRQHandler
                0x0800b300                FMC_IRQHandler
                0x0800b300                SWPMI1_IRQHandler
                0x0800b300                LPTIM1_IRQHandler
                0x0800b300                I2C4_ER_IRQHandler
                0x0800b300                SAI1_IRQHandler
                0x0800b300                DMA2_Channel3_IRQHandler
                0x0800b300                TIM1_BRK_TIM15_IRQHandler
 .text.memset   0x0800b302       0x10 C:/ST/STM32CubeIDE_1.19.0/STM32CubeIDE/plugins/com.st.stm32cube.ide.mcu.externaltools.gnu-tools-for-stm32.13.3.rel1.win32_1.0.0.202411081344/tools/bin/../lib/gcc/arm-none-eabi/13.3.1/../../../../arm-none-eabi/lib/thumb/v7e-m+fp/hard\libc_nano.a(libc_a-memset.o)
                0x0800b302                memset
 *fill*         0x0800b312        0x2 
 .text._reclaim_reent
                0x0800b314       0xbc C:/ST/STM32CubeIDE_1.19.0/STM32CubeIDE/plugins/com.st.stm32cube.ide.mcu.externaltools.gnu-tools-for-stm32.13.3.rel1.win32_1.0.0.202411081344/tools/bin/../lib/gcc/arm-none-eabi/13.3.1/../../../../arm-none-eabi/lib/thumb/v7e-m+fp/hard\libc_nano.a(libc_a-reent.o)
                0x0800b314                _reclaim_reent
 .text.__libc_init_array
                0x0800b3d0       0x48 C:/ST/STM32CubeIDE_1.19.0/STM32CubeIDE/plugins/com.st.stm32cube.ide.mcu.externaltools.gnu-tools-for-stm32.13.3.rel1.win32_1.0.0.202411081344/tools/bin/../lib/gcc/arm-none-eabi/13.3.1/../../../../arm-none-eabi/lib/thumb/v7e-m+fp/hard\libc_nano.a(libc_a-init.o)
                0x0800b3d0                __libc_init_array
 .text.__retarget_lock_acquire_recursive
                0x0800b418        0x2 C:/ST/STM32CubeIDE_1.19.0/STM32CubeIDE/plugins/com.st.stm32cube.ide.mcu.externaltools.gnu-tools-for-stm32.13.3.rel1.win32_1.0.0.202411081344/tools/bin/../lib/gcc/arm-none-eabi/13.3.1/../../../../arm-none-eabi/lib/thumb/v7e-m+fp/hard\libc_nano.a(libc_a-lock.o)
                0x0800b418                __retarget_lock_acquire_recursive
 .text.__retarget_lock_release_recursive
                0x0800b41a        0x2 C:/ST/STM32CubeIDE_1.19.0/STM32CubeIDE/plugins/com.st.stm32cube.ide.mcu.externaltools.gnu-tools-for-stm32.13.3.rel1.win32_1.0.0.202411081344/tools/bin/../lib/gcc/arm-none-eabi/13.3.1/../../../../arm-none-eabi/lib/thumb/v7e-m+fp/hard\libc_nano.a(libc_a-lock.o)
                0x0800b41a                __retarget_lock_release_recursive
 .text.memcpy   0x0800b41c       0x1c C:/ST/STM32CubeIDE_1.19.0/STM32CubeIDE/plugins/com.st.stm32cube.ide.mcu.externaltools.gnu-tools-for-stm32.13.3.rel1.win32_1.0.0.202411081344/tools/bin/../lib/gcc/arm-none-eabi/13.3.1/../../../../arm-none-eabi/lib/thumb/v7e-m+fp/hard\libc_nano.a(libc_a-memcpy-stub.o)
                0x0800b41c                memcpy
 .text._free_r  0x0800b438       0x94 C:/ST/STM32CubeIDE_1.19.0/STM32CubeIDE/plugins/com.st.stm32cube.ide.mcu.externaltools.gnu-tools-for-stm32.13.3.rel1.win32_1.0.0.202411081344/tools/bin/../lib/gcc/arm-none-eabi/13.3.1/../../../../arm-none-eabi/lib/thumb/v7e-m+fp/hard\libc_nano.a(libc_a-freer.o)
                0x0800b438                _free_r
 .text.__malloc_lock
                0x0800b4cc        0xc C:/ST/STM32CubeIDE_1.19.0/STM32CubeIDE/plugins/com.st.stm32cube.ide.mcu.externaltools.gnu-tools-for-stm32.13.3.rel1.win32_1.0.0.202411081344/tools/bin/../lib/gcc/arm-none-eabi/13.3.1/../../../../arm-none-eabi/lib/thumb/v7e-m+fp/hard\libc_nano.a(libc_a-mlock.o)
                0x0800b4cc                __malloc_lock
 .text.__malloc_unlock
                0x0800b4d8        0xc C:/ST/STM32CubeIDE_1.19.0/STM32CubeIDE/plugins/com.st.stm32cube.ide.mcu.externaltools.gnu-tools-for-stm32.13.3.rel1.win32_1.0.0.202411081344/tools/bin/../lib/gcc/arm-none-eabi/13.3.1/../../../../arm-none-eabi/lib/thumb/v7e-m+fp/hard\libc_nano.a(libc_a-mlock.o)
                0x0800b4d8                __malloc_unlock
 *(.glue_7)
 .glue_7        0x0800b4e4        0x0 linker stubs
 *(.glue_7t)
 .glue_7t       0x0800b4e4        0x0 linker stubs
 *(.eh_frame)
 .eh_frame      0x0800b4e4        0x0 C:/ST/STM32CubeIDE_1.19.0/STM32CubeIDE/plugins/com.st.stm32cube.ide.mcu.externaltools.gnu-tools-for-stm32.13.3.rel1.win32_1.0.0.202411081344/tools/bin/../lib/gcc/arm-none-eabi/13.3.1/thumb/v7e-m+fp/hard/crtbegin.o
 *(.init)
 .init          0x0800b4e4        0x4 C:/ST/STM32CubeIDE_1.19.0/STM32CubeIDE/plugins/com.st.stm32cube.ide.mcu.externaltools.gnu-tools-for-stm32.13.3.rel1.win32_1.0.0.202411081344/tools/bin/../lib/gcc/arm-none-eabi/13.3.1/thumb/v7e-m+fp/hard/crti.o
                0x0800b4e4                _init
 .init          0x0800b4e8        0x8 C:/ST/STM32CubeIDE_1.19.0/STM32CubeIDE/plugins/com.st.stm32cube.ide.mcu.externaltools.gnu-tools-for-stm32.13.3.rel1.win32_1.0.0.202411081344/tools/bin/../lib/gcc/arm-none-eabi/13.3.1/thumb/v7e-m+fp/hard/crtn.o
 *(.fini)
 .fini          0x0800b4f0        0x4 C:/ST/STM32CubeIDE_1.19.0/STM32CubeIDE/plugins/com.st.stm32cube.ide.mcu.externaltools.gnu-tools-for-stm32.13.3.rel1.win32_1.0.0.202411081344/tools/bin/../lib/gcc/arm-none-eabi/13.3.1/thumb/v7e-m+fp/hard/crti.o
                0x0800b4f0                _fini
 .fini          0x0800b4f4        0x8 C:/ST/STM32CubeIDE_1.19.0/STM32CubeIDE/plugins/com.st.stm32cube.ide.mcu.externaltools.gnu-tools-for-stm32.13.3.rel1.win32_1.0.0.202411081344/tools/bin/../lib/gcc/arm-none-eabi/13.3.1/thumb/v7e-m+fp/hard/crtn.o
                0x0800b4fc                        . = ALIGN (0x4)
                0x0800b4fc                        _etext = .

.vfp11_veneer   0x0800b4fc        0x0
 .vfp11_veneer  0x0800b4fc        0x0 linker stubs

.v4_bx          0x0800b4fc        0x0
 .v4_bx         0x0800b4fc        0x0 linker stubs

.iplt           0x0800b4fc        0x0
 .iplt          0x0800b4fc        0x0 C:/ST/STM32CubeIDE_1.19.0/STM32CubeIDE/plugins/com.st.stm32cube.ide.mcu.externaltools.gnu-tools-for-stm32.13.3.rel1.win32_1.0.0.202411081344/tools/bin/../lib/gcc/arm-none-eabi/13.3.1/thumb/v7e-m+fp/hard/crtbegin.o

.rodata         0x0800b4fc      0x194
                0x0800b4fc                        . = ALIGN (0x4)
 *(.rodata)
 .rodata        0x0800b4fc        0x5 ./Middlewares/Third_Party/FreeRTOS/Source/tasks.o
 *fill*         0x0800b501        0x3 
 .rodata        0x0800b504        0xd ./Middlewares/Third_Party/FreeRTOS/Source/timers.o
 *fill*         0x0800b511        0x3 
 .rodata        0x0800b514       0x49 ./Src/main.o
 *(.rodata*)
 *fill*         0x0800b55d        0x3 
 .rodata.lcdPatternEmpty
                0x0800b560        0x4 ./Src/io.o
 .rodata.lcdPatternMinus
                0x0800b564        0x4 ./Src/io.o
 .rodata.lcdPattern0
                0x0800b568        0x4 ./Src/io.o
 .rodata.lcdPattern1
                0x0800b56c        0x4 ./Src/io.o
 .rodata.lcdPattern2
                0x0800b570        0x4 ./Src/io.o
 .rodata.lcdPattern3
                0x0800b574        0x4 ./Src/io.o
 .rodata.lcdPattern4
                0x0800b578        0x4 ./Src/io.o
 .rodata.lcdPattern5
                0x0800b57c        0x4 ./Src/io.o
 .rodata.lcdPattern6
                0x0800b580        0x4 ./Src/io.o
 .rodata.lcdPattern7
                0x0800b584        0x4 ./Src/io.o
 .rodata.lcdPattern8
                0x0800b588        0x4 ./Src/io.o
 .rodata.lcdPattern9
                0x0800b58c        0x4 ./Src/io.o
 .rodata.lcdPatternA
                0x0800b590        0x4 ./Src/io.o
 .rodata.lcdPatternB
                0x0800b594        0x4 ./Src/io.o
 .rodata.lcdPatternC
                0x0800b598        0x4 ./Src/io.o
 .rodata.lcdPatternD
                0x0800b59c        0x4 ./Src/io.o
 .rodata.lcdPatternE
                0x0800b5a0        0x4 ./Src/io.o
 .rodata.lcdPatternF
                0x0800b5a4        0x4 ./Src/io.o
 .rodata.lcdPatternL
                0x0800b5a8        0x4 ./Src/io.o
 .rodata.defaultTask_attributes
                0x0800b5ac       0x24 ./Src/main.o
                0x0800b5ac                defaultTask_attributes
 .rodata.acquisitionTask_attributes
                0x0800b5d0       0x24 ./Src/main.o
                0x0800b5d0                acquisitionTask_attributes
 .rodata.displayTask_attributes
                0x0800b5f4       0x24 ./Src/main.o
                0x0800b5f4                displayTask_attributes
 .rodata.acquisitionQueue_attributes
                0x0800b618       0x18 ./Src/main.o
                0x0800b618                acquisitionQueue_attributes
 .rodata.displayQueue_attributes
                0x0800b630       0x18 ./Src/main.o
                0x0800b630                displayQueue_attributes
 .rodata.AHBPrescTable
                0x0800b648       0x10 ./Src/system_stm32l4xx.o
                0x0800b648                AHBPrescTable
 .rodata.APBPrescTable
                0x0800b658        0x8 ./Src/system_stm32l4xx.o
                0x0800b658                APBPrescTable
 .rodata.MSIRangeTable
                0x0800b660       0x30 ./Src/system_stm32l4xx.o
                0x0800b660                MSIRangeTable
                0x0800b690                        . = ALIGN (0x4)

.rel.dyn        0x0800b690        0x0
 .rel.iplt      0x0800b690        0x0 C:/ST/STM32CubeIDE_1.19.0/STM32CubeIDE/plugins/com.st.stm32cube.ide.mcu.externaltools.gnu-tools-for-stm32.13.3.rel1.win32_1.0.0.202411081344/tools/bin/../lib/gcc/arm-none-eabi/13.3.1/thumb/v7e-m+fp/hard/crtbegin.o

.ARM.extab      0x0800b690        0x0
                0x0800b690                        . = ALIGN (0x4)
 *(.ARM.extab* .gnu.linkonce.armextab.*)
                0x0800b690                        . = ALIGN (0x4)

.ARM            0x0800b690        0x0
                0x0800b690                        . = ALIGN (0x4)
                0x0800b690                        __exidx_start = .
 *(.ARM.exidx*)
                0x0800b690                        __exidx_end = .
                0x0800b690                        . = ALIGN (0x4)

.preinit_array  0x0800b690        0x0
                0x0800b690                        . = ALIGN (0x4)
                0x0800b690                        PROVIDE (__preinit_array_start = .)
 *(.preinit_array*)
                0x0800b690                        PROVIDE (__preinit_array_end = .)
                0x0800b690                        . = ALIGN (0x4)

.init_array     0x0800b690        0x4
                0x0800b690                        . = ALIGN (0x4)
                0x0800b690                        PROVIDE (__init_array_start = .)
 *(SORT_BY_NAME(.init_array.*))
 *(.init_array*)
 .init_array    0x0800b690        0x4 C:/ST/STM32CubeIDE_1.19.0/STM32CubeIDE/plugins/com.st.stm32cube.ide.mcu.externaltools.gnu-tools-for-stm32.13.3.rel1.win32_1.0.0.202411081344/tools/bin/../lib/gcc/arm-none-eabi/13.3.1/thumb/v7e-m+fp/hard/crtbegin.o
                0x0800b694                        PROVIDE (__init_array_end = .)
                0x0800b694                        . = ALIGN (0x4)

.fini_array     0x0800b694        0x4
                0x0800b694                        . = ALIGN (0x4)
                [!provide]                        PROVIDE (__fini_array_start = .)
 *(SORT_BY_NAME(.fini_array.*))
 *(.fini_array*)
 .fini_array    0x0800b694        0x4 C:/ST/STM32CubeIDE_1.19.0/STM32CubeIDE/plugins/com.st.stm32cube.ide.mcu.externaltools.gnu-tools-for-stm32.13.3.rel1.win32_1.0.0.202411081344/tools/bin/../lib/gcc/arm-none-eabi/13.3.1/thumb/v7e-m+fp/hard/crtbegin.o
                [!provide]                        PROVIDE (__fini_array_end = .)
                0x0800b698                        . = ALIGN (0x4)
                0x0800b698                        _sidata = LOADADDR (.data)

.data           0x20000000       0x60 load address 0x0800b698
                0x20000000                        . = ALIGN (0x4)
                0x20000000                        _sdata = .
 *(.data)
 *(.data*)
 .data.uwTickPrio
                0x20000000        0x4 ./Drivers/STM32L4xx_HAL_Driver/Src/stm32l4xx_hal.o
                0x20000000                uwTickPrio
 .data.uwTickFreq
                0x20000004        0x1 ./Drivers/STM32L4xx_HAL_Driver/Src/stm32l4xx_hal.o
                0x20000004                uwTickFreq
 *fill*         0x20000005        0x3 
 .data.uxCriticalNesting
                0x20000008        0x4 ./Middlewares/Third_Party/FreeRTOS/Source/portable/GCC/ARM_CM4F/port.o
 .data.SystemCoreClock
                0x2000000c        0x4 ./Src/system_stm32l4xx.o
                0x2000000c                SystemCoreClock
 .data._impure_ptr
                0x20000010        0x4 C:/ST/STM32CubeIDE_1.19.0/STM32CubeIDE/plugins/com.st.stm32cube.ide.mcu.externaltools.gnu-tools-for-stm32.13.3.rel1.win32_1.0.0.202411081344/tools/bin/../lib/gcc/arm-none-eabi/13.3.1/../../../../arm-none-eabi/lib/thumb/v7e-m+fp/hard\libc_nano.a(libc_a-impure.o)
                0x20000010                _impure_ptr
 .data._impure_data
                0x20000014       0x4c C:/ST/STM32CubeIDE_1.19.0/STM32CubeIDE/plugins/com.st.stm32cube.ide.mcu.externaltools.gnu-tools-for-stm32.13.3.rel1.win32_1.0.0.202411081344/tools/bin/../lib/gcc/arm-none-eabi/13.3.1/../../../../arm-none-eabi/lib/thumb/v7e-m+fp/hard\libc_nano.a(libc_a-impure.o)
                0x20000014                _impure_data
                0x20000060                        . = ALIGN (0x4)
                0x20000060                        _edata = .

.igot.plt       0x20000060        0x0 load address 0x0800b6f8
 .igot.plt      0x20000060        0x0 C:/ST/STM32CubeIDE_1.19.0/STM32CubeIDE/plugins/com.st.stm32cube.ide.mcu.externaltools.gnu-tools-for-stm32.13.3.rel1.win32_1.0.0.202411081344/tools/bin/../lib/gcc/arm-none-eabi/13.3.1/thumb/v7e-m+fp/hard/crtbegin.o
                0x20000060                        . = ALIGN (0x4)

.bss            0x20000060     0x51e4 load address 0x0800b6f8
                0x20000060                        _sbss = .
                0x20000060                        __bss_start__ = _sbss
 *(.bss)
 .bss           0x20000060       0x1c C:/ST/STM32CubeIDE_1.19.0/STM32CubeIDE/plugins/com.st.stm32cube.ide.mcu.externaltools.gnu-tools-for-stm32.13.3.rel1.win32_1.0.0.202411081344/tools/bin/../lib/gcc/arm-none-eabi/13.3.1/thumb/v7e-m+fp/hard/crtbegin.o
 *(.bss*)
 .bss.uwTick    0x2000007c        0x4 ./Drivers/STM32L4xx_HAL_Driver/Src/stm32l4xx_hal.o
                0x2000007c                uwTick
 .bss.KernelState
                0x20000080        0x4 ./Middlewares/Third_Party/FreeRTOS/Source/CMSIS_RTOS_V2/cmsis_os2.o
 .bss.Idle_TCB.3
                0x20000084       0xa8 ./Middlewares/Third_Party/FreeRTOS/Source/CMSIS_RTOS_V2/cmsis_os2.o
 .bss.Idle_Stack.2
                0x2000012c      0x200 ./Middlewares/Third_Party/FreeRTOS/Source/CMSIS_RTOS_V2/cmsis_os2.o
 .bss.Timer_TCB.1
                0x2000032c       0xa8 ./Middlewares/Third_Party/FreeRTOS/Source/CMSIS_RTOS_V2/cmsis_os2.o
 .bss.Timer_Stack.0
                0x200003d4      0x400 ./Middlewares/Third_Party/FreeRTOS/Source/CMSIS_RTOS_V2/cmsis_os2.o
 .bss.xQueueRegistry
                0x200007d4       0x40 ./Middlewares/Third_Party/FreeRTOS/Source/queue.o
                0x200007d4                xQueueRegistry
 .bss.pxCurrentTCB
                0x20000814        0x4 ./Middlewares/Third_Party/FreeRTOS/Source/tasks.o
                0x20000814                pxCurrentTCB
 .bss.pxReadyTasksLists
                0x20000818      0x460 ./Middlewares/Third_Party/FreeRTOS/Source/tasks.o
 .bss.xDelayedTaskList1
                0x20000c78       0x14 ./Middlewares/Third_Party/FreeRTOS/Source/tasks.o
 .bss.xDelayedTaskList2
                0x20000c8c       0x14 ./Middlewares/Third_Party/FreeRTOS/Source/tasks.o
 .bss.pxDelayedTaskList
                0x20000ca0        0x4 ./Middlewares/Third_Party/FreeRTOS/Source/tasks.o
 .bss.pxOverflowDelayedTaskList
                0x20000ca4        0x4 ./Middlewares/Third_Party/FreeRTOS/Source/tasks.o
 .bss.xPendingReadyList
                0x20000ca8       0x14 ./Middlewares/Third_Party/FreeRTOS/Source/tasks.o
 .bss.xTasksWaitingTermination
                0x20000cbc       0x14 ./Middlewares/Third_Party/FreeRTOS/Source/tasks.o
 .bss.uxDeletedTasksWaitingCleanUp
                0x20000cd0        0x4 ./Middlewares/Third_Party/FreeRTOS/Source/tasks.o
 .bss.xSuspendedTaskList
                0x20000cd4       0x14 ./Middlewares/Third_Party/FreeRTOS/Source/tasks.o
 .bss.uxCurrentNumberOfTasks
                0x20000ce8        0x4 ./Middlewares/Third_Party/FreeRTOS/Source/tasks.o
 .bss.xTickCount
                0x20000cec        0x4 ./Middlewares/Third_Party/FreeRTOS/Source/tasks.o
 .bss.uxTopReadyPriority
                0x20000cf0        0x4 ./Middlewares/Third_Party/FreeRTOS/Source/tasks.o
 .bss.xSchedulerRunning
                0x20000cf4        0x4 ./Middlewares/Third_Party/FreeRTOS/Source/tasks.o
 .bss.xPendedTicks
                0x20000cf8        0x4 ./Middlewares/Third_Party/FreeRTOS/Source/tasks.o
 .bss.xYieldPending
                0x20000cfc        0x4 ./Middlewares/Third_Party/FreeRTOS/Source/tasks.o
 .bss.xNumOfOverflows
                0x20000d00        0x4 ./Middlewares/Third_Party/FreeRTOS/Source/tasks.o
 .bss.uxTaskNumber
                0x20000d04        0x4 ./Middlewares/Third_Party/FreeRTOS/Source/tasks.o
 .bss.xNextTaskUnblockTime
                0x20000d08        0x4 ./Middlewares/Third_Party/FreeRTOS/Source/tasks.o
 .bss.xIdleTaskHandle
                0x20000d0c        0x4 ./Middlewares/Third_Party/FreeRTOS/Source/tasks.o
 .bss.uxSchedulerSuspended
                0x20000d10        0x4 ./Middlewares/Third_Party/FreeRTOS/Source/tasks.o
 .bss.xActiveTimerList1
                0x20000d14       0x14 ./Middlewares/Third_Party/FreeRTOS/Source/timers.o
 .bss.xActiveTimerList2
                0x20000d28       0x14 ./Middlewares/Third_Party/FreeRTOS/Source/timers.o
 .bss.pxCurrentTimerList
                0x20000d3c        0x4 ./Middlewares/Third_Party/FreeRTOS/Source/timers.o
 .bss.pxOverflowTimerList
                0x20000d40        0x4 ./Middlewares/Third_Party/FreeRTOS/Source/timers.o
 .bss.xTimerQueue
                0x20000d44        0x4 ./Middlewares/Third_Party/FreeRTOS/Source/timers.o
 .bss.xTimerTaskHandle
                0x20000d48        0x4 ./Middlewares/Third_Party/FreeRTOS/Source/timers.o
 .bss.xLastTime.2
                0x20000d4c        0x4 ./Middlewares/Third_Party/FreeRTOS/Source/timers.o
 .bss.ucStaticTimerQueueStorage.1
                0x20000d50       0xa0 ./Middlewares/Third_Party/FreeRTOS/Source/timers.o
 .bss.xStaticTimerQueue.0
                0x20000df0       0x50 ./Middlewares/Third_Party/FreeRTOS/Source/timers.o
 .bss.ulTimerCountsForOneTick
                0x20000e40        0x4 ./Middlewares/Third_Party/FreeRTOS/Source/portable/GCC/ARM_CM4F/port.o
 .bss.xMaximumPossibleSuppressedTicks
                0x20000e44        0x4 ./Middlewares/Third_Party/FreeRTOS/Source/portable/GCC/ARM_CM4F/port.o
 .bss.ulStoppedTimerCompensation
                0x20000e48        0x4 ./Middlewares/Third_Party/FreeRTOS/Source/portable/GCC/ARM_CM4F/port.o
 .bss.ucMaxSysCallPriority
                0x20000e4c        0x1 ./Middlewares/Third_Party/FreeRTOS/Source/portable/GCC/ARM_CM4F/port.o
 *fill*         0x20000e4d        0x3 
 .bss.ulMaxPRIGROUPValue
                0x20000e50        0x4 ./Middlewares/Third_Party/FreeRTOS/Source/portable/GCC/ARM_CM4F/port.o
 .bss.ucHeap    0x20000e54      0xbb8 ./Middlewares/Third_Party/FreeRTOS/Source/portable/MemMang/heap_4.o
 .bss.xStart    0x20001a0c        0x8 ./Middlewares/Third_Party/FreeRTOS/Source/portable/MemMang/heap_4.o
 .bss.pxEnd     0x20001a14        0x4 ./Middlewares/Third_Party/FreeRTOS/Source/portable/MemMang/heap_4.o
 .bss.xFreeBytesRemaining
                0x20001a18        0x4 ./Middlewares/Third_Party/FreeRTOS/Source/portable/MemMang/heap_4.o
 .bss.xMinimumEverFreeBytesRemaining
                0x20001a1c        0x4 ./Middlewares/Third_Party/FreeRTOS/Source/portable/MemMang/heap_4.o
 .bss.xNumberOfSuccessfulAllocations
                0x20001a20        0x4 ./Middlewares/Third_Party/FreeRTOS/Source/portable/MemMang/heap_4.o
 .bss.xNumberOfSuccessfulFrees
                0x20001a24        0x4 ./Middlewares/Third_Party/FreeRTOS/Source/portable/MemMang/heap_4.o
 .bss.xBlockAllocatedBit
                0x20001a28        0x4 ./Middlewares/Third_Party/FreeRTOS/Source/portable/MemMang/heap_4.o
 .bss.acqEventFlagsHandle
                0x20001a2c        0x4 ./Src/acquisition.o
                0x20001a2c                acqEventFlagsHandle
 .bss.hadc1     0x20001a30       0x94 ./Src/main.o
                0x20001a30                hadc1
 .bss.hadc2     0x20001ac4       0x94 ./Src/main.o
                0x20001ac4                hadc2
 .bss.hadc3     0x20001b58       0x94 ./Src/main.o
                0x20001b58                hadc3
 .bss.hcomp1    0x20001bec       0x2c ./Src/main.o
                0x20001bec                hcomp1
 .bss.hdac1     0x20001c18       0x14 ./Src/main.o
                0x20001c18                hdac1
 .bss.hlcd      0x20001c2c       0x3c ./Src/main.o
                0x20001c2c                hlcd
 .bss.hopamp1   0x20001c68       0x34 ./Src/main.o
                0x20001c68                hopamp1
 .bss.hopamp2   0x20001c9c       0x34 ./Src/main.o
                0x20001c9c                hopamp2
 .bss.htim1     0x20001cd0       0xbc ./Src/main.o
                0x20001cd0                htim1
 .bss.defaultTaskHandle
                0x20001d8c        0x4 ./Src/main.o
                0x20001d8c                defaultTaskHandle
 .bss.defaultTaskBuffer
                0x20001d90     0x1000 ./Src/main.o
                0x20001d90                defaultTaskBuffer
 .bss.defaultTaskControlBlock
                0x20002d90       0xa8 ./Src/main.o
                0x20002d90                defaultTaskControlBlock
 .bss.acquisitionTaskHandle
                0x20002e38        0x4 ./Src/main.o
                0x20002e38                acquisitionTaskHandle
 .bss.acquisitionTaskBuffer
                0x20002e3c     0x1000 ./Src/main.o
                0x20002e3c                acquisitionTaskBuffer
 .bss.acquisitionTaskControlBlock
                0x20003e3c       0xa8 ./Src/main.o
                0x20003e3c                acquisitionTaskControlBlock
 .bss.displayTaskHandle
                0x20003ee4        0x4 ./Src/main.o
                0x20003ee4                displayTaskHandle
 .bss.displayTaskBuffer
                0x20003ee8     0x1000 ./Src/main.o
                0x20003ee8                displayTaskBuffer
 .bss.displayTaskControlBlock
                0x20004ee8       0xa8 ./Src/main.o
                0x20004ee8                displayTaskControlBlock
 .bss.acquisitionQueueHandle
                0x20004f90        0x4 ./Src/main.o
                0x20004f90                acquisitionQueueHandle
 .bss.acquisitionQueueBuffer
                0x20004f94        0x2 ./Src/main.o
                0x20004f94                acquisitionQueueBuffer
 *fill*         0x20004f96        0x2 
 .bss.acquisitionQueueControlBlock
                0x20004f98       0x50 ./Src/main.o
                0x20004f98                acquisitionQueueControlBlock
 .bss.displayQueueHandle
                0x20004fe8        0x4 ./Src/main.o
                0x20004fe8                displayQueueHandle
 .bss.displayQueueBuffer
                0x20004fec        0x2 ./Src/main.o
                0x20004fec                displayQueueBuffer
 *fill*         0x20004fee        0x2 
 .bss.displayQueueControlBlock
                0x20004ff0       0x50 ./Src/main.o
                0x20004ff0                displayQueueControlBlock
 .bss.HAL_RCC_ADC_CLK_ENABLED
                0x20005040        0x4 ./Src/stm32l4xx_hal_msp.o
 .bss.HAL_RCC_OPAMP_CLK_ENABLED
                0x20005044        0x4 ./Src/stm32l4xx_hal_msp.o
 .bss.htim17    0x20005048       0xbc ./Src/stm32l4xx_hal_timebase_tim.o
                0x20005048                htim17
 .bss.__sf      0x20005104      0x138 C:/ST/STM32CubeIDE_1.19.0/STM32CubeIDE/plugins/com.st.stm32cube.ide.mcu.externaltools.gnu-tools-for-stm32.13.3.rel1.win32_1.0.0.202411081344/tools/bin/../lib/gcc/arm-none-eabi/13.3.1/../../../../arm-none-eabi/lib/thumb/v7e-m+fp/hard\libc_nano.a(libc_a-findfp.o)
                0x20005104                __sf
 .bss.__lock___malloc_recursive_mutex
                0x2000523c        0x1 C:/ST/STM32CubeIDE_1.19.0/STM32CubeIDE/plugins/com.st.stm32cube.ide.mcu.externaltools.gnu-tools-for-stm32.13.3.rel1.win32_1.0.0.202411081344/tools/bin/../lib/gcc/arm-none-eabi/13.3.1/../../../../arm-none-eabi/lib/thumb/v7e-m+fp/hard\libc_nano.a(libc_a-lock.o)
                0x2000523c                __lock___malloc_recursive_mutex
 *fill*         0x2000523d        0x3 
 .bss.__malloc_free_list
                0x20005240        0x4 C:/ST/STM32CubeIDE_1.19.0/STM32CubeIDE/plugins/com.st.stm32cube.ide.mcu.externaltools.gnu-tools-for-stm32.13.3.rel1.win32_1.0.0.202411081344/tools/bin/../lib/gcc/arm-none-eabi/13.3.1/../../../../arm-none-eabi/lib/thumb/v7e-m+fp/hard\libc_nano.a(libc_a-mallocr.o)
                0x20005240                __malloc_free_list
 *(COMMON)
                0x20005244                        . = ALIGN (0x4)
                0x20005244                        _ebss = .
                0x20005244                        __bss_end__ = _ebss

._user_heap_stack
                0x20005244      0x604 load address 0x0800b6f8
                0x20005248                        . = ALIGN (0x8)
 *fill*         0x20005244        0x4 
                [!provide]                        PROVIDE (end = .)
                0x20005248                        PROVIDE (_end = .)
                0x20005448                        . = (. + _Min_Heap_Size)
 *fill*         0x20005248      0x200 
                0x20005848                        . = (. + _Min_Stack_Size)
 *fill*         0x20005448      0x400 
                0x20005848                        . = ALIGN (0x8)

/DISCARD/
 libc.a(*)
 libm.a(*)
 libgcc.a(*)

.ARM.attributes
                0x00000000       0x30
 *(.ARM.attributes)
 .ARM.attributes
                0x00000000       0x22 C:/ST/STM32CubeIDE_1.19.0/STM32CubeIDE/plugins/com.st.stm32cube.ide.mcu.externaltools.gnu-tools-for-stm32.13.3.rel1.win32_1.0.0.202411081344/tools/bin/../lib/gcc/arm-none-eabi/13.3.1/thumb/v7e-m+fp/hard/crti.o
 .ARM.attributes
                0x00000022       0x34 C:/ST/STM32CubeIDE_1.19.0/STM32CubeIDE/plugins/com.st.stm32cube.ide.mcu.externaltools.gnu-tools-for-stm32.13.3.rel1.win32_1.0.0.202411081344/tools/bin/../lib/gcc/arm-none-eabi/13.3.1/thumb/v7e-m+fp/hard/crtbegin.o
 .ARM.attributes
                0x00000056       0x34 ./Drivers/STM32L4xx_HAL_Driver/Src/stm32l4xx_hal.o
 .ARM.attributes
                0x0000008a       0x34 ./Drivers/STM32L4xx_HAL_Driver/Src/stm32l4xx_hal_adc.o
 .ARM.attributes
                0x000000be       0x34 ./Drivers/STM32L4xx_HAL_Driver/Src/stm32l4xx_hal_adc_ex.o
 .ARM.attributes
                0x000000f2       0x34 ./Drivers/STM32L4xx_HAL_Driver/Src/stm32l4xx_hal_comp.o
 .ARM.attributes
                0x00000126       0x34 ./Drivers/STM32L4xx_HAL_Driver/Src/stm32l4xx_hal_cortex.o
 .ARM.attributes
                0x0000015a       0x34 ./Drivers/STM32L4xx_HAL_Driver/Src/stm32l4xx_hal_dac.o
 .ARM.attributes
                0x0000018e       0x34 ./Drivers/STM32L4xx_HAL_Driver/Src/stm32l4xx_hal_gpio.o
 .ARM.attributes
                0x000001c2       0x34 ./Drivers/STM32L4xx_HAL_Driver/Src/stm32l4xx_hal_lcd.o
 .ARM.attributes
                0x000001f6       0x34 ./Drivers/STM32L4xx_HAL_Driver/Src/stm32l4xx_hal_opamp.o
 .ARM.attributes
                0x0000022a       0x34 ./Drivers/STM32L4xx_HAL_Driver/Src/stm32l4xx_hal_pwr_ex.o
 .ARM.attributes
                0x0000025e       0x34 ./Drivers/STM32L4xx_HAL_Driver/Src/stm32l4xx_hal_rcc.o
 .ARM.attributes
                0x00000292       0x34 ./Drivers/STM32L4xx_HAL_Driver/Src/stm32l4xx_hal_rcc_ex.o
 .ARM.attributes
                0x000002c6       0x34 ./Drivers/STM32L4xx_HAL_Driver/Src/stm32l4xx_hal_tim.o
 .ARM.attributes
                0x000002fa       0x34 ./Drivers/STM32L4xx_HAL_Driver/Src/stm32l4xx_hal_tim_ex.o
 .ARM.attributes
                0x0000032e       0x34 ./Drivers/STM32L4xx_HAL_Driver/Src/stm32l4xx_ll_gpio.o
 .ARM.attributes
                0x00000362       0x34 ./Middlewares/Third_Party/FreeRTOS/Source/CMSIS_RTOS_V2/cmsis_os2.o
 .ARM.attributes
                0x00000396       0x34 ./Middlewares/Third_Party/FreeRTOS/Source/event_groups.o
 .ARM.attributes
                0x000003ca       0x34 ./Middlewares/Third_Party/FreeRTOS/Source/list.o
 .ARM.attributes
                0x000003fe       0x34 ./Middlewares/Third_Party/FreeRTOS/Source/queue.o
 .ARM.attributes
                0x00000432       0x34 ./Middlewares/Third_Party/FreeRTOS/Source/tasks.o
 .ARM.attributes
                0x00000466       0x34 ./Middlewares/Third_Party/FreeRTOS/Source/timers.o
 .ARM.attributes
                0x0000049a       0x34 ./Middlewares/Third_Party/FreeRTOS/Source/portable/GCC/ARM_CM4F/port.o
 .ARM.attributes
                0x000004ce       0x34 ./Middlewares/Third_Party/FreeRTOS/Source/portable/MemMang/heap_4.o
 .ARM.attributes
                0x00000502       0x34 ./Src/acquisition.o
 .ARM.attributes
                0x00000536       0x34 ./Src/application.o
 .ARM.attributes
                0x0000056a       0x34 ./Src/display.o
 .ARM.attributes
                0x0000059e       0x34 ./Src/freertos.o
 .ARM.attributes
                0x000005d2       0x34 ./Src/io.o
 .ARM.attributes
                0x00000606       0x34 ./Src/main.o
 .ARM.attributes
                0x0000063a       0x34 ./Src/stm32l4xx_hal_msp.o
 .ARM.attributes
                0x0000066e       0x34 ./Src/stm32l4xx_hal_timebase_tim.o
 .ARM.attributes
                0x000006a2       0x34 ./Src/stm32l4xx_it.o
 .ARM.attributes
                0x000006d6       0x34 ./Src/system_stm32l4xx.o
 .ARM.attributes
                0x0000070a       0x21 ./Startup/startup_stm32l496vetx.o
 .ARM.attributes
                0x0000072b       0x34 C:/ST/STM32CubeIDE_1.19.0/STM32CubeIDE/plugins/com.st.stm32cube.ide.mcu.externaltools.gnu-tools-for-stm32.13.3.rel1.win32_1.0.0.202411081344/tools/bin/../lib/gcc/arm-none-eabi/13.3.1/../../../../arm-none-eabi/lib/thumb/v7e-m+fp/hard\libc_nano.a(libc_a-findfp.o)
 .ARM.attributes
                0x0000075f       0x34 C:/ST/STM32CubeIDE_1.19.0/STM32CubeIDE/plugins/com.st.stm32cube.ide.mcu.externaltools.gnu-tools-for-stm32.13.3.rel1.win32_1.0.0.202411081344/tools/bin/../lib/gcc/arm-none-eabi/13.3.1/../../../../arm-none-eabi/lib/thumb/v7e-m+fp/hard\libc_nano.a(libc_a-memset.o)
 .ARM.attributes
                0x00000793       0x34 C:/ST/STM32CubeIDE_1.19.0/STM32CubeIDE/plugins/com.st.stm32cube.ide.mcu.externaltools.gnu-tools-for-stm32.13.3.rel1.win32_1.0.0.202411081344/tools/bin/../lib/gcc/arm-none-eabi/13.3.1/../../../../arm-none-eabi/lib/thumb/v7e-m+fp/hard\libc_nano.a(libc_a-reent.o)
 .ARM.attributes
                0x000007c7       0x34 C:/ST/STM32CubeIDE_1.19.0/STM32CubeIDE/plugins/com.st.stm32cube.ide.mcu.externaltools.gnu-tools-for-stm32.13.3.rel1.win32_1.0.0.202411081344/tools/bin/../lib/gcc/arm-none-eabi/13.3.1/../../../../arm-none-eabi/lib/thumb/v7e-m+fp/hard\libc_nano.a(libc_a-impure.o)
 .ARM.attributes
                0x000007fb       0x34 C:/ST/STM32CubeIDE_1.19.0/STM32CubeIDE/plugins/com.st.stm32cube.ide.mcu.externaltools.gnu-tools-for-stm32.13.3.rel1.win32_1.0.0.202411081344/tools/bin/../lib/gcc/arm-none-eabi/13.3.1/../../../../arm-none-eabi/lib/thumb/v7e-m+fp/hard\libc_nano.a(libc_a-init.o)
 .ARM.attributes
                0x0000082f       0x34 C:/ST/STM32CubeIDE_1.19.0/STM32CubeIDE/plugins/com.st.stm32cube.ide.mcu.externaltools.gnu-tools-for-stm32.13.3.rel1.win32_1.0.0.202411081344/tools/bin/../lib/gcc/arm-none-eabi/13.3.1/../../../../arm-none-eabi/lib/thumb/v7e-m+fp/hard\libc_nano.a(libc_a-lock.o)
 .ARM.attributes
                0x00000863       0x34 C:/ST/STM32CubeIDE_1.19.0/STM32CubeIDE/plugins/com.st.stm32cube.ide.mcu.externaltools.gnu-tools-for-stm32.13.3.rel1.win32_1.0.0.202411081344/tools/bin/../lib/gcc/arm-none-eabi/13.3.1/../../../../arm-none-eabi/lib/thumb/v7e-m+fp/hard\libc_nano.a(libc_a-memcpy-stub.o)
 .ARM.attributes
                0x00000897       0x34 C:/ST/STM32CubeIDE_1.19.0/STM32CubeIDE/plugins/com.st.stm32cube.ide.mcu.externaltools.gnu-tools-for-stm32.13.3.rel1.win32_1.0.0.202411081344/tools/bin/../lib/gcc/arm-none-eabi/13.3.1/../../../../arm-none-eabi/lib/thumb/v7e-m+fp/hard\libc_nano.a(libc_a-freer.o)
 .ARM.attributes
                0x000008cb       0x34 C:/ST/STM32CubeIDE_1.19.0/STM32CubeIDE/plugins/com.st.stm32cube.ide.mcu.externaltools.gnu-tools-for-stm32.13.3.rel1.win32_1.0.0.202411081344/tools/bin/../lib/gcc/arm-none-eabi/13.3.1/../../../../arm-none-eabi/lib/thumb/v7e-m+fp/hard\libc_nano.a(libc_a-mallocr.o)
 .ARM.attributes
                0x000008ff       0x34 C:/ST/STM32CubeIDE_1.19.0/STM32CubeIDE/plugins/com.st.stm32cube.ide.mcu.externaltools.gnu-tools-for-stm32.13.3.rel1.win32_1.0.0.202411081344/tools/bin/../lib/gcc/arm-none-eabi/13.3.1/../../../../arm-none-eabi/lib/thumb/v7e-m+fp/hard\libc_nano.a(libc_a-mlock.o)
 .ARM.attributes
                0x00000933       0x22 C:/ST/STM32CubeIDE_1.19.0/STM32CubeIDE/plugins/com.st.stm32cube.ide.mcu.externaltools.gnu-tools-for-stm32.13.3.rel1.win32_1.0.0.202411081344/tools/bin/../lib/gcc/arm-none-eabi/13.3.1/thumb/v7e-m+fp/hard/crtn.o
OUTPUT(virtlab-user-iese-fw3.elf elf32-littlearm)
LOAD linker stubs
LOAD C:/ST/STM32CubeIDE_1.19.0/STM32CubeIDE/plugins/com.st.stm32cube.ide.mcu.externaltools.gnu-tools-for-stm32.13.3.rel1.win32_1.0.0.202411081344/tools/bin/../lib/gcc/arm-none-eabi/13.3.1/../../../../arm-none-eabi/lib/thumb/v7e-m+fp/hard\libc.a
LOAD C:/ST/STM32CubeIDE_1.19.0/STM32CubeIDE/plugins/com.st.stm32cube.ide.mcu.externaltools.gnu-tools-for-stm32.13.3.rel1.win32_1.0.0.202411081344/tools/bin/../lib/gcc/arm-none-eabi/13.3.1/../../../../arm-none-eabi/lib/thumb/v7e-m+fp/hard\libm.a
LOAD C:/ST/STM32CubeIDE_1.19.0/STM32CubeIDE/plugins/com.st.stm32cube.ide.mcu.externaltools.gnu-tools-for-stm32.13.3.rel1.win32_1.0.0.202411081344/tools/bin/../lib/gcc/arm-none-eabi/13.3.1/thumb/v7e-m+fp/hard\libgcc.a

.debug_info     0x00000000    0x23e94
 .debug_info    0x00000000      0xc69 ./Drivers/STM32L4xx_HAL_Driver/Src/stm32l4xx_hal.o
 .debug_info    0x00000c69     0x1fda ./Drivers/STM32L4xx_HAL_Driver/Src/stm32l4xx_hal_adc.o
 .debug_info    0x00002c43     0x1c1b ./Drivers/STM32L4xx_HAL_Driver/Src/stm32l4xx_hal_adc_ex.o
 .debug_info    0x0000485e      0x92b ./Drivers/STM32L4xx_HAL_Driver/Src/stm32l4xx_hal_comp.o
 .debug_info    0x00005189      0xdb7 ./Drivers/STM32L4xx_HAL_Driver/Src/stm32l4xx_hal_cortex.o
 .debug_info    0x00005f40      0xa6f ./Drivers/STM32L4xx_HAL_Driver/Src/stm32l4xx_hal_dac.o
 .debug_info    0x000069af      0x76f ./Drivers/STM32L4xx_HAL_Driver/Src/stm32l4xx_hal_gpio.o
 .debug_info    0x0000711e      0x51c ./Drivers/STM32L4xx_HAL_Driver/Src/stm32l4xx_hal_lcd.o
 .debug_info    0x0000763a      0x4ee ./Drivers/STM32L4xx_HAL_Driver/Src/stm32l4xx_hal_opamp.o
 .debug_info    0x00007b28      0x996 ./Drivers/STM32L4xx_HAL_Driver/Src/stm32l4xx_hal_pwr_ex.o
 .debug_info    0x000084be      0xc3b ./Drivers/STM32L4xx_HAL_Driver/Src/stm32l4xx_hal_rcc.o
 .debug_info    0x000090f9     0x10c1 ./Drivers/STM32L4xx_HAL_Driver/Src/stm32l4xx_hal_rcc_ex.o
 .debug_info    0x0000a1ba     0x2e18 ./Drivers/STM32L4xx_HAL_Driver/Src/stm32l4xx_hal_tim.o
 .debug_info    0x0000cfd2     0x182f ./Drivers/STM32L4xx_HAL_Driver/Src/stm32l4xx_hal_tim_ex.o
 .debug_info    0x0000e801      0x95e ./Drivers/STM32L4xx_HAL_Driver/Src/stm32l4xx_ll_gpio.o
 .debug_info    0x0000f15f     0x4143 ./Middlewares/Third_Party/FreeRTOS/Source/CMSIS_RTOS_V2/cmsis_os2.o
 .debug_info    0x000132a2      0xbd1 ./Middlewares/Third_Party/FreeRTOS/Source/event_groups.o
 .debug_info    0x00013e73      0x2af ./Middlewares/Third_Party/FreeRTOS/Source/list.o
 .debug_info    0x00014122     0x1b79 ./Middlewares/Third_Party/FreeRTOS/Source/queue.o